Feb 24 19:19:31 TB5WaLI kernel: Booting Linux on physical CPU 0x0000000000 [0x414fd0b1]
Feb 24 19:19:31 TB5WaLI kernel: Linux version 6.8.0-1018-raspi (buildd@bos03-arm64-074) (aarch64-linux-gnu-gcc-13 (Ubuntu 13.3.0-6ubuntu2~24.04) 13.3.0, GNU ld (GNU Binutils for Ubuntu) 2.42) #20-Ubuntu SMP PREEMPT_DYNAMIC Fri Jan 17 12:35:36 UTC 2025 (Ubuntu 6.8.0-1018.20-raspi 6.8.12)
Feb 24 19:19:31 TB5WaLI kernel: KASLR enabled
Feb 24 19:19:31 TB5WaLI kernel: random: crng init done
Feb 24 19:19:31 TB5WaLI kernel: Machine model: Raspberry Pi 5 Model B Rev 1.0
Feb 24 19:19:31 TB5WaLI kernel: Reserved memory: created CMA memory pool at 0x0000000002600000, size 64 MiB
Feb 24 19:19:31 TB5WaLI kernel: OF: reserved mem: initialized node linux,cma, compatible id shared-dma-pool
Feb 24 19:19:31 TB5WaLI kernel: OF: reserved mem: 0x0000000002600000..0x00000000065fffff (65536 KiB) map reusable linux,cma
Feb 24 19:19:31 TB5WaLI kernel: OF: reserved mem: 0x0000000000000000..0x000000000007ffff (512 KiB) nomap non-reusable atf@0
Feb 24 19:19:31 TB5WaLI kernel: OF: reserved mem: 0x000000003fd16620..0x000000003fd16656 (0 KiB) nomap non-reusable nvram@0
Feb 24 19:19:31 TB5WaLI kernel: Zone ranges:
Feb 24 19:19:31 TB5WaLI kernel:   DMA      [mem 0x0000000000000000-0x00000000ffffffff]
Feb 24 19:19:31 TB5WaLI kernel:   DMA32    empty
Feb 24 19:19:31 TB5WaLI kernel:   Normal   [mem 0x0000000100000000-0x00000001ffffffff]
Feb 24 19:19:31 TB5WaLI kernel: Movable zone start for each node
Feb 24 19:19:31 TB5WaLI kernel: Early memory node ranges
Feb 24 19:19:31 TB5WaLI kernel:   node   0: [mem 0x0000000000000000-0x000000000007ffff]
Feb 24 19:19:31 TB5WaLI kernel:   node   0: [mem 0x0000000000080000-0x000000003fbfffff]
Feb 24 19:19:31 TB5WaLI kernel:   node   0: [mem 0x0000000040000000-0x00000001ffffffff]
Feb 24 19:19:31 TB5WaLI kernel: Initmem setup node 0 [mem 0x0000000000000000-0x00000001ffffffff]
Feb 24 19:19:31 TB5WaLI kernel: On node 0, zone DMA: 1024 pages in unavailable ranges
Feb 24 19:19:31 TB5WaLI kernel: psci: probing for conduit method from DT.
Feb 24 19:19:31 TB5WaLI kernel: psci: PSCIv1.1 detected in firmware.
Feb 24 19:19:31 TB5WaLI kernel: psci: Using standard PSCI v0.2 function IDs
Feb 24 19:19:31 TB5WaLI kernel: psci: MIGRATE_INFO_TYPE not supported.
Feb 24 19:19:31 TB5WaLI kernel: psci: SMC Calling Convention v1.2
Feb 24 19:19:31 TB5WaLI kernel: percpu: Embedded 52 pages/cpu s88232 r8192 d116568 u212992
Feb 24 19:19:31 TB5WaLI kernel: pcpu-alloc: s88232 r8192 d116568 u212992 alloc=52*4096
Feb 24 19:19:31 TB5WaLI kernel: pcpu-alloc: [0] 0 [0] 1 [0] 2 [0] 3 
Feb 24 19:19:31 TB5WaLI kernel: Detected PIPT I-cache on CPU0
Feb 24 19:19:31 TB5WaLI kernel: CPU features: detected: Virtualization Host Extensions
Feb 24 19:19:31 TB5WaLI kernel: CPU features: detected: Spectre-v4
Feb 24 19:19:31 TB5WaLI kernel: CPU features: detected: Spectre-BHB
Feb 24 19:19:31 TB5WaLI kernel: CPU features: kernel page table isolation forced ON by KASLR
Feb 24 19:19:31 TB5WaLI kernel: CPU features: detected: Kernel page table isolation (KPTI)
Feb 24 19:19:31 TB5WaLI kernel: CPU features: detected: SSBS not fully self-synchronizing
Feb 24 19:19:31 TB5WaLI kernel: alternatives: applying boot alternatives
Feb 24 19:19:31 TB5WaLI kernel: Kernel command line: reboot=w coherent_pool=1M 8250.nr_uarts=1 pci=pcie_bus_safe snd_bcm2835.enable_compat_alsa=0 snd_bcm2835.enable_hdmi=1 bcm2708_fb.fbwidth=640 bcm2708_fb.fbheight=480 bcm2708_fb.fbdepth=16 bcm2708_fb.fbswap=1 smsc95xx.macaddr=D8:3A:DD:B6:36:A1 vc_mem.mem_base=0x3fc00000 vc_mem.mem_size=0x40000000  console=ttyAMA10,115200 dwc_otg.lpm_enable=0 console=tty1 root=LABEL=writable rootfstype=ext4 rootwait fixrtc quiet splash modules-load=dwc2,g_ether ipv6.disable=1
Feb 24 19:19:31 TB5WaLI kernel: Unknown kernel command line parameters "fixrtc splash modules-load=dwc2,g_ether", will be passed to user space.
Feb 24 19:19:31 TB5WaLI kernel: Dentry cache hash table entries: 1048576 (order: 11, 8388608 bytes, linear)
Feb 24 19:19:31 TB5WaLI kernel: Inode-cache hash table entries: 524288 (order: 10, 4194304 bytes, linear)
Feb 24 19:19:31 TB5WaLI kernel: Built 1 zonelists, mobility grouping on.  Total pages: 2063360
Feb 24 19:19:31 TB5WaLI kernel: mem auto-init: stack:off, heap alloc:off, heap free:off
Feb 24 19:19:31 TB5WaLI kernel: software IO TLB: area num 4.
Feb 24 19:19:31 TB5WaLI kernel: software IO TLB: mapped [mem 0x00000000fbfff000-0x00000000fffff000] (64MB)
Feb 24 19:19:31 TB5WaLI kernel: Memory: 8000240K/8384512K available (15104K kernel code, 2716K rwdata, 9516K rodata, 6528K init, 852K bss, 318736K reserved, 65536K cma-reserved)
Feb 24 19:19:31 TB5WaLI kernel: SLUB: HWalign=64, Order=0-3, MinObjects=0, CPUs=4, Nodes=1
Feb 24 19:19:31 TB5WaLI kernel: ftrace: allocating 45010 entries in 176 pages
Feb 24 19:19:31 TB5WaLI kernel: ftrace: allocated 176 pages with 3 groups
Feb 24 19:19:31 TB5WaLI kernel: trace event string verifier disabled
Feb 24 19:19:31 TB5WaLI kernel: Dynamic Preempt: full
Feb 24 19:19:31 TB5WaLI kernel: rcu: Preemptible hierarchical RCU implementation.
Feb 24 19:19:31 TB5WaLI kernel: rcu:         RCU restricting CPUs from NR_CPUS=256 to nr_cpu_ids=4.
Feb 24 19:19:31 TB5WaLI kernel:         Trampoline variant of Tasks RCU enabled.
Feb 24 19:19:31 TB5WaLI kernel:         Rude variant of Tasks RCU enabled.
Feb 24 19:19:31 TB5WaLI kernel:         Tracing variant of Tasks RCU enabled.
Feb 24 19:19:31 TB5WaLI kernel: rcu: RCU calculated value of scheduler-enlistment delay is 100 jiffies.
Feb 24 19:19:31 TB5WaLI kernel: rcu: Adjusting geometry for rcu_fanout_leaf=16, nr_cpu_ids=4
Feb 24 19:19:31 TB5WaLI kernel: NR_IRQS: 64, nr_irqs: 64, preallocated irqs: 0
Feb 24 19:19:31 TB5WaLI kernel: Root IRQ handler: gic_handle_irq
Feb 24 19:19:31 TB5WaLI kernel: GIC: Using split EOI/Deactivate mode
Feb 24 19:19:31 TB5WaLI kernel: rcu: srcu_init: Setting srcu_struct sizes based on contention.
Feb 24 19:19:31 TB5WaLI kernel: arch_timer: cp15 timer(s) running at 54.00MHz (phys).
Feb 24 19:19:31 TB5WaLI kernel: clocksource: arch_sys_counter: mask: 0xffffffffffffff max_cycles: 0xc743ce346, max_idle_ns: 440795203123 ns
Feb 24 19:19:31 TB5WaLI kernel: sched_clock: 56 bits at 54MHz, resolution 18ns, wraps every 4398046511102ns
Feb 24 19:19:31 TB5WaLI kernel: Console: colour dummy device 80x25
Feb 24 19:19:31 TB5WaLI kernel: printk: legacy console [tty1] enabled
Feb 24 19:19:31 TB5WaLI kernel: Calibrating delay loop (skipped), value calculated using timer frequency.. 108.00 BogoMIPS (lpj=54000)
Feb 24 19:19:31 TB5WaLI kernel: pid_max: default: 32768 minimum: 301
Feb 24 19:19:31 TB5WaLI kernel: LSM: initializing lsm=lockdown,capability,landlock,yama,apparmor,integrity
Feb 24 19:19:31 TB5WaLI kernel: landlock: Up and running.
Feb 24 19:19:31 TB5WaLI kernel: Yama: becoming mindful.
Feb 24 19:19:31 TB5WaLI kernel: AppArmor: AppArmor initialized
Feb 24 19:19:31 TB5WaLI kernel: Mount-cache hash table entries: 16384 (order: 5, 131072 bytes, linear)
Feb 24 19:19:31 TB5WaLI kernel: Mountpoint-cache hash table entries: 16384 (order: 5, 131072 bytes, linear)
Feb 24 19:19:31 TB5WaLI kernel: RCU Tasks: Setting shift to 2 and lim to 1 rcu_task_cb_adjust=1.
Feb 24 19:19:31 TB5WaLI kernel: RCU Tasks Rude: Setting shift to 2 and lim to 1 rcu_task_cb_adjust=1.
Feb 24 19:19:31 TB5WaLI kernel: RCU Tasks Trace: Setting shift to 2 and lim to 1 rcu_task_cb_adjust=1.
Feb 24 19:19:31 TB5WaLI kernel: rcu: Hierarchical SRCU implementation.
Feb 24 19:19:31 TB5WaLI kernel: rcu:         Max phase no-delay instances is 400.
Feb 24 19:19:31 TB5WaLI kernel: smp: Bringing up secondary CPUs ...
Feb 24 19:19:31 TB5WaLI kernel: Detected PIPT I-cache on CPU1
Feb 24 19:19:31 TB5WaLI kernel: CPU1: Booted secondary processor 0x0000000100 [0x414fd0b1]
Feb 24 19:19:31 TB5WaLI kernel: Detected PIPT I-cache on CPU2
Feb 24 19:19:31 TB5WaLI kernel: CPU2: Booted secondary processor 0x0000000200 [0x414fd0b1]
Feb 24 19:19:31 TB5WaLI kernel: Detected PIPT I-cache on CPU3
Feb 24 19:19:31 TB5WaLI kernel: CPU3: Booted secondary processor 0x0000000300 [0x414fd0b1]
Feb 24 19:19:31 TB5WaLI kernel: smp: Brought up 1 node, 4 CPUs
Feb 24 19:19:31 TB5WaLI kernel: SMP: Total of 4 processors activated.
Feb 24 19:19:31 TB5WaLI kernel: CPU: All CPU(s) started at EL2
Feb 24 19:19:31 TB5WaLI kernel: CPU features: detected: 32-bit EL0 Support
Feb 24 19:19:31 TB5WaLI kernel: CPU features: detected: Data cache clean to the PoU not required for I/D coherence
Feb 24 19:19:31 TB5WaLI kernel: CPU features: detected: Common not Private translations
Feb 24 19:19:31 TB5WaLI kernel: CPU features: detected: CRC32 instructions
Feb 24 19:19:31 TB5WaLI kernel: CPU features: detected: Data cache clean to Point of Persistence
Feb 24 19:19:31 TB5WaLI kernel: CPU features: detected: RCpc load-acquire (LDAPR)
Feb 24 19:19:31 TB5WaLI kernel: CPU features: detected: LSE atomic instructions
Feb 24 19:19:31 TB5WaLI kernel: CPU features: detected: Privileged Access Never
Feb 24 19:19:31 TB5WaLI kernel: CPU features: detected: Speculative Store Bypassing Safe (SSBS)
Feb 24 19:19:31 TB5WaLI kernel: alternatives: applying system-wide alternatives
Feb 24 19:19:31 TB5WaLI kernel: CPU features: detected: Hardware dirty bit management on CPU0-3
Feb 24 19:19:31 TB5WaLI kernel: devtmpfs: initialized
Feb 24 19:19:31 TB5WaLI kernel: Enabled cp15_barrier support
Feb 24 19:19:31 TB5WaLI kernel: Enabled setend support
Feb 24 19:19:31 TB5WaLI kernel: clocksource: jiffies: mask: 0xffffffff max_cycles: 0xffffffff, max_idle_ns: 1911260446275000 ns
Feb 24 19:19:31 TB5WaLI kernel: futex hash table entries: 1024 (order: 4, 65536 bytes, linear)
Feb 24 19:19:31 TB5WaLI kernel: pinctrl core: initialized pinctrl subsystem
Feb 24 19:19:31 TB5WaLI kernel: NET: Registered PF_NETLINK/PF_ROUTE protocol family
Feb 24 19:19:31 TB5WaLI kernel: DMA: preallocated 1024 KiB GFP_KERNEL pool for atomic allocations
Feb 24 19:19:31 TB5WaLI kernel: DMA: preallocated 1024 KiB GFP_KERNEL|GFP_DMA pool for atomic allocations
Feb 24 19:19:31 TB5WaLI kernel: DMA: preallocated 1024 KiB GFP_KERNEL|GFP_DMA32 pool for atomic allocations
Feb 24 19:19:31 TB5WaLI kernel: audit: initializing netlink subsys (disabled)
Feb 24 19:19:31 TB5WaLI kernel: audit: type=2000 audit(0.010:1): state=initialized audit_enabled=0 res=1
Feb 24 19:19:31 TB5WaLI kernel: thermal_sys: Registered thermal governor 'fair_share'
Feb 24 19:19:31 TB5WaLI kernel: thermal_sys: Registered thermal governor 'bang_bang'
Feb 24 19:19:31 TB5WaLI kernel: thermal_sys: Registered thermal governor 'step_wise'
Feb 24 19:19:31 TB5WaLI kernel: thermal_sys: Registered thermal governor 'user_space'
Feb 24 19:19:31 TB5WaLI kernel: cpuidle: using governor ladder
Feb 24 19:19:31 TB5WaLI kernel: cpuidle: using governor menu
Feb 24 19:19:31 TB5WaLI kernel: hw-breakpoint: found 6 breakpoint and 4 watchpoint registers.
Feb 24 19:19:31 TB5WaLI kernel: ASID allocator initialised with 32768 entries
Feb 24 19:19:31 TB5WaLI kernel: Serial: AMBA PL011 UART driver
Feb 24 19:19:31 TB5WaLI kernel: bcm2835-mbox 107c013880.mailbox: mailbox enabled
Feb 24 19:19:31 TB5WaLI kernel: 107d001000.serial: ttyAMA10 at MMIO 0x107d001000 (irq = 15, base_baud = 0) is a PL011 rev2
Feb 24 19:19:31 TB5WaLI kernel: printk: legacy console [ttyAMA10] enabled
Feb 24 19:19:31 TB5WaLI kernel: raspberrypi-firmware soc:firmware: Attached to firmware from 2024-06-05T15:41:49, variant start_cd
Feb 24 19:19:31 TB5WaLI kernel: raspberrypi-firmware soc:firmware: Firmware hash is 6fe0b09100000000000000000000000000000000
Feb 24 19:19:31 TB5WaLI kernel: Modules: 2G module region forced by RANDOMIZE_MODULE_REGION_FULL
Feb 24 19:19:31 TB5WaLI kernel: Modules: 0 pages in range for non-PLT usage
Feb 24 19:19:31 TB5WaLI kernel: Modules: 515552 pages in range for PLT usage
Feb 24 19:19:31 TB5WaLI kernel: HugeTLB: registered 1.00 GiB page size, pre-allocated 0 pages
Feb 24 19:19:31 TB5WaLI kernel: HugeTLB: 0 KiB vmemmap can be freed for a 1.00 GiB page
Feb 24 19:19:31 TB5WaLI kernel: HugeTLB: registered 32.0 MiB page size, pre-allocated 0 pages
Feb 24 19:19:31 TB5WaLI kernel: HugeTLB: 0 KiB vmemmap can be freed for a 32.0 MiB page
Feb 24 19:19:31 TB5WaLI kernel: HugeTLB: registered 2.00 MiB page size, pre-allocated 0 pages
Feb 24 19:19:31 TB5WaLI kernel: HugeTLB: 0 KiB vmemmap can be freed for a 2.00 MiB page
Feb 24 19:19:31 TB5WaLI kernel: HugeTLB: registered 64.0 KiB page size, pre-allocated 0 pages
Feb 24 19:19:31 TB5WaLI kernel: HugeTLB: 0 KiB vmemmap can be freed for a 64.0 KiB page
Feb 24 19:19:31 TB5WaLI kernel: bcm2835-dma 1000010000.dma: DMA legacy API manager, dmachans=0x1
Feb 24 19:19:31 TB5WaLI kernel: iommu: Default domain type: Translated
Feb 24 19:19:31 TB5WaLI kernel: iommu: DMA domain TLB invalidation policy: strict mode
Feb 24 19:19:31 TB5WaLI kernel: SCSI subsystem initialized
Feb 24 19:19:31 TB5WaLI kernel: usbcore: registered new interface driver usbfs
Feb 24 19:19:31 TB5WaLI kernel: usbcore: registered new interface driver hub
Feb 24 19:19:31 TB5WaLI kernel: usbcore: registered new device driver usb
Feb 24 19:19:31 TB5WaLI kernel: pps_core: LinuxPPS API ver. 1 registered
Feb 24 19:19:31 TB5WaLI kernel: pps_core: Software ver. 5.3.6 - Copyright 2005-2007 Rodolfo Giometti <giometti@linux.it>
Feb 24 19:19:31 TB5WaLI kernel: PTP clock support registered
Feb 24 19:19:31 TB5WaLI kernel: EDAC MC: Ver: 3.0.0
Feb 24 19:19:31 TB5WaLI kernel: NetLabel: Initializing
Feb 24 19:19:31 TB5WaLI kernel: NetLabel:  domain hash size = 128
Feb 24 19:19:31 TB5WaLI kernel: NetLabel:  protocols = UNLABELED CIPSOv4 CALIPSO
Feb 24 19:19:31 TB5WaLI kernel: NetLabel:  unlabeled traffic allowed by default
Feb 24 19:19:31 TB5WaLI kernel: clocksource: Switched to clocksource arch_sys_counter
Feb 24 19:19:31 TB5WaLI kernel: VFS: Disk quotas dquot_6.6.0
Feb 24 19:19:31 TB5WaLI kernel: VFS: Dquot-cache hash table entries: 512 (order 0, 4096 bytes)
Feb 24 19:19:31 TB5WaLI kernel: AppArmor: AppArmor Filesystem Enabled
Feb 24 19:19:31 TB5WaLI kernel: NET: Registered PF_INET protocol family
Feb 24 19:19:31 TB5WaLI kernel: IP idents hash table entries: 131072 (order: 8, 1048576 bytes, linear)
Feb 24 19:19:31 TB5WaLI kernel: tcp_listen_portaddr_hash hash table entries: 4096 (order: 4, 65536 bytes, linear)
Feb 24 19:19:31 TB5WaLI kernel: Table-perturb hash table entries: 65536 (order: 6, 262144 bytes, linear)
Feb 24 19:19:31 TB5WaLI kernel: TCP established hash table entries: 65536 (order: 7, 524288 bytes, linear)
Feb 24 19:19:31 TB5WaLI kernel: TCP bind hash table entries: 65536 (order: 9, 2097152 bytes, linear)
Feb 24 19:19:31 TB5WaLI kernel: TCP: Hash tables configured (established 65536 bind 65536)
Feb 24 19:19:31 TB5WaLI kernel: MPTCP token hash table entries: 8192 (order: 5, 196608 bytes, linear)
Feb 24 19:19:31 TB5WaLI kernel: UDP hash table entries: 4096 (order: 5, 131072 bytes, linear)
Feb 24 19:19:31 TB5WaLI kernel: UDP-Lite hash table entries: 4096 (order: 5, 131072 bytes, linear)
Feb 24 19:19:31 TB5WaLI kernel: NET: Registered PF_UNIX/PF_LOCAL protocol family
Feb 24 19:19:31 TB5WaLI kernel: NET: Registered PF_XDP protocol family
Feb 24 19:19:31 TB5WaLI kernel: PCI: CLS 0 bytes, default 64
Feb 24 19:19:31 TB5WaLI kernel: Trying to unpack rootfs image as initramfs...
Feb 24 19:19:31 TB5WaLI kernel: kvm [1]: IPA Size Limit: 40 bits
Feb 24 19:19:31 TB5WaLI kernel: kvm [1]: vgic interrupt IRQ9
Feb 24 19:19:31 TB5WaLI kernel: kvm [1]: VHE mode initialized successfully
Feb 24 19:19:31 TB5WaLI kernel: Initialise system trusted keyrings
Feb 24 19:19:31 TB5WaLI kernel: Key type blacklist registered
Feb 24 19:19:31 TB5WaLI kernel: workingset: timestamp_bits=46 max_order=21 bucket_order=0
Feb 24 19:19:31 TB5WaLI kernel: zbud: loaded
Feb 24 19:19:31 TB5WaLI kernel: squashfs: version 4.0 (2009/01/31) Phillip Lougher
Feb 24 19:19:31 TB5WaLI kernel: Key type asymmetric registered
Feb 24 19:19:31 TB5WaLI kernel: Asymmetric key parser 'x509' registered
Feb 24 19:19:31 TB5WaLI kernel: Block layer SCSI generic (bsg) driver version 0.4 loaded (major 246)
Feb 24 19:19:31 TB5WaLI kernel: io scheduler mq-deadline registered
Feb 24 19:19:31 TB5WaLI kernel: irq_brcmstb_l2: registered L2 intc (/soc/intc@7d503000, parent irq: 26)
Feb 24 19:19:31 TB5WaLI kernel: irq_brcmstb_l2: registered L2 intc (/soc/intc@7d508380, parent irq: 27)
Feb 24 19:19:31 TB5WaLI kernel: irq_brcmstb_l2: registered L2 intc (/soc/intc@7d508400, parent irq: 28)
Feb 24 19:19:31 TB5WaLI kernel: irq_brcmstb_l2: registered L2 intc (/soc/intc@7d517b00, parent irq: 29)
Feb 24 19:19:31 TB5WaLI kernel: Serial: 8250/16550 driver, 1 ports, IRQ sharing enabled
Feb 24 19:19:31 TB5WaLI kernel: iproc-rng200 107d208000.rng: hwrng registered
Feb 24 19:19:31 TB5WaLI kernel: vc-mem: phys_addr:0x00000000 mem_base=0x3fc00000 mem_size:0x40000000(1024 MiB)
Feb 24 19:19:31 TB5WaLI kernel: bcm2712-iommu-cache 1000005b00.iommuc: bcm2712_iommu_cache_probe
Feb 24 19:19:31 TB5WaLI kernel: loop: module loaded
Feb 24 19:19:31 TB5WaLI kernel: bcm2835-power bcm2835-power: Broadcom BCM2835 power domains driver
Feb 24 19:19:31 TB5WaLI kernel: usbcore: registered new interface driver lan78xx
Feb 24 19:19:31 TB5WaLI kernel: usbcore: registered new interface driver smsc95xx
Feb 24 19:19:31 TB5WaLI kernel: mousedev: PS/2 mouse device common for all mice
Feb 24 19:19:31 TB5WaLI kernel: i2c_dev: i2c /dev entries driver
Feb 24 19:19:31 TB5WaLI kernel: bcm2835-wdt bcm2835-wdt: Poweroff handler already present!
Feb 24 19:19:31 TB5WaLI kernel: bcm2835-wdt bcm2835-wdt: Broadcom BCM2835 watchdog timer
Feb 24 19:19:31 TB5WaLI kernel: sdhci: Secure Digital Host Controller Interface driver
Feb 24 19:19:31 TB5WaLI kernel: sdhci: Copyright(c) Pierre Ossman
Feb 24 19:19:31 TB5WaLI kernel: sdhci-pltfm: SDHCI platform and OF driver helper
Feb 24 19:19:31 TB5WaLI kernel: ledtrig-cpu: registered to indicate activity on CPUs
Feb 24 19:19:31 TB5WaLI kernel: SMCCC: SOC_ID: ARCH_SOC_ID not implemented, skipping ....
Feb 24 19:19:31 TB5WaLI kernel: hid: raw HID events driver (C) Jiri Kosina
Feb 24 19:19:31 TB5WaLI kernel: hw perfevents: enabled with armv8_cortex_a76 PMU driver, 7 counters available
Feb 24 19:19:31 TB5WaLI kernel: IPv6: Loaded, but administratively disabled, reboot required to enable
Feb 24 19:19:31 TB5WaLI kernel: NET: Registered PF_PACKET protocol family
Feb 24 19:19:31 TB5WaLI kernel: watchdog: Delayed init of the lockup detector failed: -19
Feb 24 19:19:31 TB5WaLI kernel: watchdog: Hard watchdog permanently disabled
Feb 24 19:19:31 TB5WaLI kernel: Key type dns_resolver registered
Feb 24 19:19:31 TB5WaLI kernel: registered taskstats version 1
Feb 24 19:19:31 TB5WaLI kernel: Loading compiled-in X.509 certificates
Feb 24 19:19:31 TB5WaLI kernel: Loaded X.509 cert 'Build time autogenerated kernel key: 55c2eaba81592d64417038f08696727f542cf2af'
Feb 24 19:19:31 TB5WaLI kernel: Loaded X.509 cert 'Canonical Ltd. Live Patch Signing: 14df34d1a87cf37625abec039ef2bf521249b969'
Feb 24 19:19:31 TB5WaLI kernel: Loaded X.509 cert 'Canonical Ltd. Kernel Module Signing: 88f752e560a1e0737e31163a466ad7b70a850c19'
Feb 24 19:19:31 TB5WaLI kernel: blacklist: Loading compiled-in revocation X.509 certificates
Feb 24 19:19:31 TB5WaLI kernel: Loaded X.509 cert 'Canonical Ltd. Secure Boot Signing: 61482aa2830d0ab2ad5af10b7250da9033ddcef0'
Feb 24 19:19:31 TB5WaLI kernel: Loaded X.509 cert 'Canonical Ltd. Secure Boot Signing (2017): 242ade75ac4a15e50d50c84b0d45ff3eae707a03'
Feb 24 19:19:31 TB5WaLI kernel: Loaded X.509 cert 'Canonical Ltd. Secure Boot Signing (ESM 2018): 365188c1d374d6b07c3c8f240f8ef722433d6a8b'
Feb 24 19:19:31 TB5WaLI kernel: Loaded X.509 cert 'Canonical Ltd. Secure Boot Signing (2019): c0746fd6c5da3ae827864651ad66ae47fe24b3e8'
Feb 24 19:19:31 TB5WaLI kernel: Loaded X.509 cert 'Canonical Ltd. Secure Boot Signing (2021 v1): a8d54bbb3825cfb94fa13c9f8a594a195c107b8d'
Feb 24 19:19:31 TB5WaLI kernel: Loaded X.509 cert 'Canonical Ltd. Secure Boot Signing (2021 v2): 4cf046892d6fd3c9a5b03f98d845f90851dc6a8c'
Feb 24 19:19:31 TB5WaLI kernel: Loaded X.509 cert 'Canonical Ltd. Secure Boot Signing (2021 v3): 100437bb6de6e469b581e61cd66bce3ef4ed53af'
Feb 24 19:19:31 TB5WaLI kernel: Loaded X.509 cert 'Canonical Ltd. Secure Boot Signing (Ubuntu Core 2019): c1d57b8f6b743f23ee41f4f7ee292f06eecadfb9'
Feb 24 19:19:31 TB5WaLI kernel: Key type .fscrypt registered
Feb 24 19:19:31 TB5WaLI kernel: Key type fscrypt-provisioning registered
Feb 24 19:19:31 TB5WaLI kernel: Freeing initrd memory: 55892K
Feb 24 19:19:31 TB5WaLI kernel: Key type encrypted registered
Feb 24 19:19:31 TB5WaLI kernel: AppArmor: AppArmor sha256 policy hashing enabled
Feb 24 19:19:31 TB5WaLI kernel: ima: No TPM chip found, activating TPM-bypass!
Feb 24 19:19:31 TB5WaLI kernel: ima: Allocated hash algorithm: sha1
Feb 24 19:19:31 TB5WaLI kernel: ima: No architecture policies found
Feb 24 19:19:31 TB5WaLI kernel: evm: Initialising EVM extended attributes:
Feb 24 19:19:31 TB5WaLI kernel: evm: security.selinux
Feb 24 19:19:31 TB5WaLI kernel: evm: security.SMACK64
Feb 24 19:19:31 TB5WaLI kernel: evm: security.SMACK64EXEC
Feb 24 19:19:31 TB5WaLI kernel: evm: security.SMACK64TRANSMUTE
Feb 24 19:19:31 TB5WaLI kernel: evm: security.SMACK64MMAP
Feb 24 19:19:31 TB5WaLI kernel: evm: security.apparmor
Feb 24 19:19:31 TB5WaLI kernel: evm: security.ima
Feb 24 19:19:31 TB5WaLI kernel: evm: security.capability
Feb 24 19:19:31 TB5WaLI kernel: evm: HMAC attrs: 0x1
Feb 24 19:19:31 TB5WaLI kernel: bcm2712-iommu 1000005100.iommu: bcm2712_iommu_init: DEBUG_INFO = 0x20804774
Feb 24 19:19:31 TB5WaLI kernel: bcm2712-iommu 1000005100.iommu: bcm2712_iommu_probe: Success
Feb 24 19:19:31 TB5WaLI kernel: bcm2712-iommu 1000005200.iommu: bcm2712_iommu_init: DEBUG_INFO = 0x20804774
Feb 24 19:19:31 TB5WaLI kernel: bcm2712-iommu 1000005200.iommu: bcm2712_iommu_probe: Success
Feb 24 19:19:31 TB5WaLI kernel: bcm2712-iommu 1000005280.iommu: bcm2712_iommu_init: DEBUG_INFO = 0x20804774
Feb 24 19:19:31 TB5WaLI kernel: bcm2712-iommu 1000005280.iommu: bcm2712_iommu_probe: Success
Feb 24 19:19:31 TB5WaLI kernel: of_cfs_init
Feb 24 19:19:31 TB5WaLI kernel: of_cfs_init: OK
Feb 24 19:19:31 TB5WaLI kernel: clk: Disabling unused clocks
Feb 24 19:19:31 TB5WaLI kernel: Freeing unused kernel memory: 6528K
Feb 24 19:19:31 TB5WaLI kernel: Checked W+X mappings: passed, no W+X pages found
Feb 24 19:19:31 TB5WaLI kernel: Run /init as init process
Feb 24 19:19:31 TB5WaLI kernel:   with arguments:
Feb 24 19:19:31 TB5WaLI kernel:     /init
Feb 24 19:19:31 TB5WaLI kernel:     fixrtc
Feb 24 19:19:31 TB5WaLI kernel:     splash
Feb 24 19:19:31 TB5WaLI kernel:   with environment:
Feb 24 19:19:31 TB5WaLI kernel:     HOME=/
Feb 24 19:19:31 TB5WaLI kernel:     TERM=linux
Feb 24 19:19:31 TB5WaLI kernel:     modules-load=dwc2,g_ether
Feb 24 19:19:31 TB5WaLI kernel: brcm-pcie 1000120000.pcie: host bridge /axi/pcie@120000 ranges:
Feb 24 19:19:31 TB5WaLI kernel: brcm-pcie 1000120000.pcie:   No bus range found for /axi/pcie@120000, using [bus 00-ff]
Feb 24 19:19:31 TB5WaLI kernel: brcm-pcie 1000120000.pcie:      MEM 0x1f00000000..0x1ffffffffb -> 0x0000000000
Feb 24 19:19:31 TB5WaLI kernel: brcm-pcie 1000120000.pcie:      MEM 0x1c00000000..0x1effffffff -> 0x0400000000
Feb 24 19:19:31 TB5WaLI kernel: brcm-pcie 1000120000.pcie:   IB MEM 0x1f00000000..0x1f003fffff -> 0x0000000000
Feb 24 19:19:31 TB5WaLI kernel: brcm-pcie 1000120000.pcie:   IB MEM 0x0000000000..0x0fffffffff -> 0x1000000000
Feb 24 19:19:31 TB5WaLI kernel: brcm-pcie 1000120000.pcie: Forcing gen 2
Feb 24 19:19:31 TB5WaLI kernel: brcm-pcie 1000120000.pcie: PCI host bridge to bus 0000:00
Feb 24 19:19:31 TB5WaLI kernel: pci_bus 0000:00: root bus resource [bus 00-ff]
Feb 24 19:19:31 TB5WaLI kernel: pci_bus 0000:00: root bus resource [mem 0x1f00000000-0x1ffffffffb] (bus address [0x00000000-0xfffffffb])
Feb 24 19:19:31 TB5WaLI kernel: pci_bus 0000:00: root bus resource [mem 0x1c00000000-0x1effffffff pref] (bus address [0x400000000-0x6ffffffff])
Feb 24 19:19:31 TB5WaLI kernel: pci 0000:00:00.0: [14e4:2712] type 01 class 0x060400 PCIe Root Port
Feb 24 19:19:31 TB5WaLI kernel: pci 0000:00:00.0: PCI bridge to [bus 00]
Feb 24 19:19:31 TB5WaLI kernel: pci 0000:00:00.0:   bridge window [mem 0x1ff8000000-0x1ff80fffff]
Feb 24 19:19:31 TB5WaLI kernel: pci 0000:00:00.0: PME# supported from D0 D3hot
Feb 24 19:19:31 TB5WaLI kernel: pci 0000:00:00.0: bridge configuration invalid ([bus 00-00]), reconfiguring
Feb 24 19:19:31 TB5WaLI kernel: dwc2 1000480000.usb: supply vusb_d not found, using dummy regulator
Feb 24 19:19:31 TB5WaLI kernel: dwc2 1000480000.usb: supply vusb_a not found, using dummy regulator
Feb 24 19:19:31 TB5WaLI kernel: rpi-rtc soc:rpi_rtc: trickle charging enabled at 3000000uV
Feb 24 19:19:31 TB5WaLI kernel: rpi-rtc soc:rpi_rtc: registered as rtc0
Feb 24 19:19:31 TB5WaLI kernel: rpi-rtc soc:rpi_rtc: setting system clock to 2025-02-25T00:19:28 UTC (1740442768)
Feb 24 19:19:31 TB5WaLI kernel: 107d50c000.serial: ttyS0 at MMIO 0x107d50c000 (irq = 36, base_baud = 6000000) is a Broadcom BCM7271 UART
Feb 24 19:19:31 TB5WaLI kernel: serial serial0: tty port ttyS0 registered
Feb 24 19:19:31 TB5WaLI kernel: brcm-pcie 1000120000.pcie: clkreq-mode set to default
Feb 24 19:19:31 TB5WaLI kernel: brcm-pcie 1000120000.pcie: link up, 5.0 GT/s PCIe x4 (!SSC)
Feb 24 19:19:31 TB5WaLI kernel: pci 0000:01:00.0: [1de4:0001] type 00 class 0x020000 PCIe Endpoint
Feb 24 19:19:31 TB5WaLI kernel: pci 0000:01:00.0: BAR 0 [mem 0xffffc000-0xffffffff]
Feb 24 19:19:31 TB5WaLI kernel: pci 0000:01:00.0: BAR 1 [mem 0xffc00000-0xffffffff]
Feb 24 19:19:31 TB5WaLI kernel: pci 0000:01:00.0: BAR 2 [mem 0xffff0000-0xffffffff]
Feb 24 19:19:31 TB5WaLI kernel: pci 0000:01:00.0: supports D1
Feb 24 19:19:31 TB5WaLI kernel: pci 0000:01:00.0: PME# supported from D0 D1 D3hot D3cold
Feb 24 19:19:31 TB5WaLI kernel: pci_bus 0000:01: busn_res: [bus 01-ff] end is updated to 01
Feb 24 19:19:31 TB5WaLI kernel: pci 0000:00:00.0: bridge window [mem 0x1f00000000-0x1f005fffff]: assigned
Feb 24 19:19:31 TB5WaLI kernel: pci 0000:01:00.0: BAR 1 [mem 0x1f00000000-0x1f003fffff]: assigned
Feb 24 19:19:31 TB5WaLI kernel: pci 0000:01:00.0: BAR 2 [mem 0x1f00400000-0x1f0040ffff]: assigned
Feb 24 19:19:31 TB5WaLI kernel: pci 0000:01:00.0: BAR 0 [mem 0x1f00410000-0x1f00413fff]: assigned
Feb 24 19:19:31 TB5WaLI kernel: pci 0000:00:00.0: PCI bridge to [bus 01]
Feb 24 19:19:31 TB5WaLI kernel: pci 0000:00:00.0:   bridge window [mem 0x1f00000000-0x1f005fffff]
Feb 24 19:19:31 TB5WaLI kernel: pci 0000:00:00.0: Max Payload Size set to  256/ 512 (was  128), Max Read Rq  512
Feb 24 19:19:31 TB5WaLI kernel: pci 0000:01:00.0: Max Payload Size set to  256/ 256 (was  128), Max Read Rq  512
Feb 24 19:19:31 TB5WaLI kernel: pcieport 0000:00:00.0: enabling device (0000 -> 0002)
Feb 24 19:19:31 TB5WaLI kernel: pcieport 0000:00:00.0: PME: Signaling with IRQ 37
Feb 24 19:19:31 TB5WaLI kernel: pcieport 0000:00:00.0: AER: enabled with IRQ 37
Feb 24 19:19:31 TB5WaLI kernel: rp1 0000:01:00.0: bar0 len 0x4000, start 0x1f00410000, end 0x1f00413fff, flags, 0x40200
Feb 24 19:19:31 TB5WaLI kernel: rp1 0000:01:00.0: bar1 len 0x400000, start 0x1f00000000, end 0x1f003fffff, flags, 0x40200
Feb 24 19:19:31 TB5WaLI kernel: rp1 0000:01:00.0: enabling device (0000 -> 0002)
Feb 24 19:19:31 TB5WaLI kernel: rp1 0000:01:00.0: chip_id 0x20001927
Feb 24 19:19:31 TB5WaLI kernel: dwc2 1000480000.usb: EPs: 8, dedicated fifos, 4080 entries in SPRAM
Feb 24 19:19:31 TB5WaLI kernel: dw_axi_dmac_platform 1f00188000.dma: DesignWare AXI DMA Controller, 8 channels
Feb 24 19:19:31 TB5WaLI kernel: i2c-gpio 300000002.i2c: using lines 575 (SDA) and 576 (SCL)
Feb 24 19:19:31 TB5WaLI kernel: input: pwr_button as /devices/platform/pwr_button/input/input1
Feb 24 19:19:31 TB5WaLI kernel: sdhci-brcmstb 1000fff000.mmc: Got CD GPIO
Feb 24 19:19:31 TB5WaLI kernel: mmc0: CQHCI version 5.10
Feb 24 19:19:31 TB5WaLI kernel: mmc1: CQHCI version 5.10
Feb 24 19:19:31 TB5WaLI kernel: macb 1f00100000.ethernet eth0: Cadence GEM rev 0x00070109 at 0x1f00100000 irq 105 (d8:3a:dd:b6:36:a1)
Feb 24 19:19:31 TB5WaLI kernel: mmc0: SDHCI controller on 1000fff000.mmc [1000fff000.mmc] using ADMA 64-bit
Feb 24 19:19:31 TB5WaLI kernel: mmc0: cannot verify signal voltage switch
Feb 24 19:19:31 TB5WaLI kernel: mmc0: new ultra high speed SDR104 SDHC card at address aaaa
Feb 24 19:19:31 TB5WaLI kernel: mmcblk0: mmc0:aaaa SL32G 29.7 GiB
Feb 24 19:19:31 TB5WaLI kernel:  mmcblk0: p1 p2
Feb 24 19:19:31 TB5WaLI kernel: mmcblk0: mmc0:aaaa SL32G 29.7 GiB (quirks 0x00004000)
Feb 24 19:19:31 TB5WaLI kernel: mmc1: SDHCI controller on 1001100000.mmc [1001100000.mmc] using ADMA 64-bit
Feb 24 19:19:31 TB5WaLI kernel: xhci-hcd xhci-hcd.0: xHCI Host Controller
Feb 24 19:19:31 TB5WaLI kernel: xhci-hcd xhci-hcd.0: new USB bus registered, assigned bus number 1
Feb 24 19:19:31 TB5WaLI kernel: xhci-hcd xhci-hcd.0: hcc params 0x0240fe6d hci version 0x110 quirks 0x0000008000000810
Feb 24 19:19:31 TB5WaLI kernel: xhci-hcd xhci-hcd.0: irq 130, io mem 0x1f00200000
Feb 24 19:19:31 TB5WaLI kernel: xhci-hcd xhci-hcd.0: xHCI Host Controller
Feb 24 19:19:31 TB5WaLI kernel: xhci-hcd xhci-hcd.0: new USB bus registered, assigned bus number 2
Feb 24 19:19:31 TB5WaLI kernel: xhci-hcd xhci-hcd.0: Host supports USB 3.0 SuperSpeed
Feb 24 19:19:31 TB5WaLI kernel: usb usb1: New USB device found, idVendor=1d6b, idProduct=0002, bcdDevice= 6.08
Feb 24 19:19:31 TB5WaLI kernel: usb usb1: New USB device strings: Mfr=3, Product=2, SerialNumber=1
Feb 24 19:19:31 TB5WaLI kernel: usb usb1: Product: xHCI Host Controller
Feb 24 19:19:31 TB5WaLI kernel: usb usb1: Manufacturer: Linux 6.8.0-1018-raspi xhci-hcd
Feb 24 19:19:31 TB5WaLI kernel: usb usb1: SerialNumber: xhci-hcd.0
Feb 24 19:19:31 TB5WaLI kernel: hub 1-0:1.0: USB hub found
Feb 24 19:19:31 TB5WaLI kernel: hub 1-0:1.0: 2 ports detected
Feb 24 19:19:31 TB5WaLI kernel: mmc1: cannot verify signal voltage switch
Feb 24 19:19:31 TB5WaLI kernel: usb usb2: New USB device found, idVendor=1d6b, idProduct=0003, bcdDevice= 6.08
Feb 24 19:19:31 TB5WaLI kernel: usb usb2: New USB device strings: Mfr=3, Product=2, SerialNumber=1
Feb 24 19:19:31 TB5WaLI kernel: usb usb2: Product: xHCI Host Controller
Feb 24 19:19:31 TB5WaLI kernel: usb usb2: Manufacturer: Linux 6.8.0-1018-raspi xhci-hcd
Feb 24 19:19:31 TB5WaLI kernel: usb usb2: SerialNumber: xhci-hcd.0
Feb 24 19:19:31 TB5WaLI kernel: hub 2-0:1.0: USB hub found
Feb 24 19:19:31 TB5WaLI kernel: hub 2-0:1.0: 1 port detected
Feb 24 19:19:31 TB5WaLI kernel: xhci-hcd xhci-hcd.1: xHCI Host Controller
Feb 24 19:19:31 TB5WaLI kernel: xhci-hcd xhci-hcd.1: new USB bus registered, assigned bus number 3
Feb 24 19:19:31 TB5WaLI kernel: xhci-hcd xhci-hcd.1: hcc params 0x0240fe6d hci version 0x110 quirks 0x0000008000000810
Feb 24 19:19:31 TB5WaLI kernel: xhci-hcd xhci-hcd.1: irq 135, io mem 0x1f00300000
Feb 24 19:19:31 TB5WaLI kernel: xhci-hcd xhci-hcd.1: xHCI Host Controller
Feb 24 19:19:31 TB5WaLI kernel: xhci-hcd xhci-hcd.1: new USB bus registered, assigned bus number 4
Feb 24 19:19:31 TB5WaLI kernel: xhci-hcd xhci-hcd.1: Host supports USB 3.0 SuperSpeed
Feb 24 19:19:31 TB5WaLI kernel: usb usb3: New USB device found, idVendor=1d6b, idProduct=0002, bcdDevice= 6.08
Feb 24 19:19:31 TB5WaLI kernel: usb usb3: New USB device strings: Mfr=3, Product=2, SerialNumber=1
Feb 24 19:19:31 TB5WaLI kernel: usb usb3: Product: xHCI Host Controller
Feb 24 19:19:31 TB5WaLI kernel: usb usb3: Manufacturer: Linux 6.8.0-1018-raspi xhci-hcd
Feb 24 19:19:31 TB5WaLI kernel: usb usb3: SerialNumber: xhci-hcd.1
Feb 24 19:19:31 TB5WaLI kernel: hub 3-0:1.0: USB hub found
Feb 24 19:19:31 TB5WaLI kernel: hub 3-0:1.0: 2 ports detected
Feb 24 19:19:31 TB5WaLI kernel: usb usb4: New USB device found, idVendor=1d6b, idProduct=0003, bcdDevice= 6.08
Feb 24 19:19:31 TB5WaLI kernel: usb usb4: New USB device strings: Mfr=3, Product=2, SerialNumber=1
Feb 24 19:19:31 TB5WaLI kernel: usb usb4: Product: xHCI Host Controller
Feb 24 19:19:31 TB5WaLI kernel: usb usb4: Manufacturer: Linux 6.8.0-1018-raspi xhci-hcd
Feb 24 19:19:31 TB5WaLI kernel: usb usb4: SerialNumber: xhci-hcd.1
Feb 24 19:19:31 TB5WaLI kernel: hub 4-0:1.0: USB hub found
Feb 24 19:19:31 TB5WaLI kernel: hub 4-0:1.0: 1 port detected
Feb 24 19:19:31 TB5WaLI kernel: mmc1: new ultra high speed DDR50 SDIO card at address 0001
Feb 24 19:19:31 TB5WaLI kernel: usb 1-1: new full-speed USB device number 2 using xhci-hcd
Feb 24 19:19:31 TB5WaLI kernel: usb 3-1: new high-speed USB device number 2 using xhci-hcd
Feb 24 19:19:31 TB5WaLI kernel: usb 3-1: New USB device found, idVendor=03e7, idProduct=2485, bcdDevice= 0.01
Feb 24 19:19:31 TB5WaLI kernel: usb 3-1: New USB device strings: Mfr=1, Product=2, SerialNumber=3
Feb 24 19:19:31 TB5WaLI kernel: usb 3-1: Product: Movidius MyriadX
Feb 24 19:19:31 TB5WaLI kernel: usb 3-1: Manufacturer: Movidius Ltd.
Feb 24 19:19:31 TB5WaLI kernel: usb 3-1: SerialNumber: 03e72485
Feb 24 19:19:31 TB5WaLI kernel: usb 1-1: New USB device found, idVendor=1234, idProduct=5684, bcdDevice= 1.00
Feb 24 19:19:31 TB5WaLI kernel: usb 1-1: New USB device strings: Mfr=1, Product=2, SerialNumber=3
Feb 24 19:19:31 TB5WaLI kernel: usb 1-1: Product: P10S
Feb 24 19:19:31 TB5WaLI kernel: usb 1-1: Manufacturer: MV-SILICON
Feb 24 19:19:31 TB5WaLI kernel: usb 1-1: SerialNumber: 202403221
Feb 24 19:19:31 TB5WaLI kernel: usb 3-2: new full-speed USB device number 3 using xhci-hcd
Feb 24 19:19:31 TB5WaLI kernel: usb 1-2: new full-speed USB device number 3 using xhci-hcd
Feb 24 19:19:31 TB5WaLI kernel: usb 3-2: New USB device found, idVendor=10c4, idProduct=ea60, bcdDevice= 1.00
Feb 24 19:19:31 TB5WaLI kernel: usb 3-2: New USB device strings: Mfr=1, Product=2, SerialNumber=3
Feb 24 19:19:31 TB5WaLI kernel: usb 3-2: Product: CP2102N USB to UART Bridge Controller
Feb 24 19:19:31 TB5WaLI kernel: usb 3-2: Manufacturer: Silicon Labs
Feb 24 19:19:31 TB5WaLI kernel: usb 3-2: SerialNumber: 4088e501335aee11980982dc8ffcc75d
Feb 24 19:19:31 TB5WaLI kernel: usb 1-2: New USB device found, idVendor=046d, idProduct=c21f, bcdDevice= 3.05
Feb 24 19:19:31 TB5WaLI kernel: usb 1-2: New USB device strings: Mfr=1, Product=2, SerialNumber=3
Feb 24 19:19:31 TB5WaLI kernel: usb 1-2: Product: Wireless Gamepad F710
Feb 24 19:19:31 TB5WaLI kernel: usb 1-2: Manufacturer: Logitech
Feb 24 19:19:31 TB5WaLI kernel: usb 1-2: SerialNumber: 808A9464
Feb 24 19:19:31 TB5WaLI kernel: usbhid 1-1:1.4: couldn't find an input interrupt endpoint
Feb 24 19:19:31 TB5WaLI kernel: usbcore: registered new interface driver usbhid
Feb 24 19:19:31 TB5WaLI kernel: usbhid: USB HID core driver
Feb 24 19:19:31 TB5WaLI kernel: input: MV-SILICON P10S as /devices/platform/axi/1000120000.pcie/1f00200000.usb/xhci-hcd.0/usb1/1-1/1-1:1.3/0003:1234:5684.0001/input/input2
Feb 24 19:19:31 TB5WaLI kernel: hid-generic 0003:1234:5684.0001: input,hidraw0: USB HID v2.01 Device [MV-SILICON P10S] on usb-xhci-hcd.0-1/input3
Feb 24 19:19:31 TB5WaLI kernel: raid6: neonx8   gen() 11156 MB/s
Feb 24 19:19:31 TB5WaLI kernel: raid6: neonx4   gen() 11532 MB/s
Feb 24 19:19:31 TB5WaLI kernel: raid6: neonx2   gen()  9916 MB/s
Feb 24 19:19:31 TB5WaLI kernel: raid6: neonx1   gen()  7951 MB/s
Feb 24 19:19:31 TB5WaLI kernel: raid6: int64x8  gen()  5623 MB/s
Feb 24 19:19:31 TB5WaLI kernel: raid6: int64x4  gen()  5887 MB/s
Feb 24 19:19:31 TB5WaLI kernel: raid6: int64x2  gen()  4917 MB/s
Feb 24 19:19:31 TB5WaLI kernel: raid6: int64x1  gen()  4059 MB/s
Feb 24 19:19:31 TB5WaLI kernel: raid6: using algorithm neonx4 gen() 11532 MB/s
Feb 24 19:19:31 TB5WaLI kernel: raid6: .... xor() 8818 MB/s, rmw enabled
Feb 24 19:19:31 TB5WaLI kernel: raid6: using neon recovery algorithm
Feb 24 19:19:31 TB5WaLI kernel: xor: measuring software checksum speed
Feb 24 19:19:31 TB5WaLI kernel:    8regs           : 15891 MB/sec
Feb 24 19:19:31 TB5WaLI kernel:    32regs          : 15746 MB/sec
Feb 24 19:19:31 TB5WaLI kernel:    arm64_neon      : 11744 MB/sec
Feb 24 19:19:31 TB5WaLI kernel: xor: using function: 8regs (15891 MB/sec)
Feb 24 19:19:31 TB5WaLI kernel: async_tx: api initialized (async)
Feb 24 19:19:31 TB5WaLI kernel: Btrfs loaded, zoned=yes, fsverity=no
Feb 24 19:19:31 TB5WaLI kernel: EXT4-fs (mmcblk0p2): mounted filesystem 5c5a44bd-f1a2-4f16-a2e8-89a3f10f2eb5 ro with ordered data mode. Quota mode: none.
Feb 24 19:19:31 TB5WaLI systemd[1]: Inserted module 'autofs4'
Feb 24 19:19:31 TB5WaLI systemd[1]: systemd 255.4-1ubuntu8.5 running in system mode (+PAM +AUDIT +SELINUX +APPARMOR +IMA +SMACK +SECCOMP +GCRYPT -GNUTLS +OPENSSL +ACL +BLKID +CURL +ELFUTILS +FIDO2 +IDN2 -IDN +IPTC +KMOD +LIBCRYPTSETUP +LIBFDISK +PCRE2 -PWQUALITY +P11KIT +QRENCODE +TPM2 +BZIP2 +LZ4 +XZ +ZLIB +ZSTD -BPF_FRAMEWORK -XKBCOMMON +UTMP +SYSVINIT default-hierarchy=unified)
Feb 24 19:19:31 TB5WaLI systemd[1]: Detected architecture arm64.
Feb 24 19:19:31 TB5WaLI systemd[1]: Hostname set to <TB5WaLI>.
Feb 24 19:19:31 TB5WaLI systemd[1]: Queued start job for default target graphical.target.
Feb 24 19:19:31 TB5WaLI systemd[1]: Created slice system-modprobe.slice - Slice /system/modprobe.
Feb 24 19:19:31 TB5WaLI systemd[1]: Created slice system-serial\x2dgetty.slice - Slice /system/serial-getty.
Feb 24 19:19:31 TB5WaLI systemd[1]: Created slice system-systemd\x2dfsck.slice - Slice /system/systemd-fsck.
Feb 24 19:19:31 TB5WaLI systemd[1]: Created slice user.slice - User and Session Slice.
Feb 24 19:19:31 TB5WaLI systemd[1]: Started systemd-ask-password-wall.path - Forward Password Requests to Wall Directory Watch.
Feb 24 19:19:31 TB5WaLI systemd[1]: Set up automount proc-sys-fs-binfmt_misc.automount - Arbitrary Executable File Formats File System Automount Point.
Feb 24 19:19:31 TB5WaLI systemd[1]: Expecting device dev-disk-by\x2dlabel-system\x2dboot.device - /dev/disk/by-label/system-boot...
Feb 24 19:19:31 TB5WaLI systemd[1]: Expecting device dev-ttyAMA10.device - /dev/ttyAMA10...
Feb 24 19:19:31 TB5WaLI systemd[1]: Reached target integritysetup.target - Local Integrity Protected Volumes.
Feb 24 19:19:31 TB5WaLI systemd[1]: Reached target slices.target - Slice Units.
Feb 24 19:19:31 TB5WaLI systemd[1]: Reached target snapd.mounts-pre.target - Mounting snaps.
Feb 24 19:19:31 TB5WaLI systemd[1]: Reached target swap.target - Swaps.
Feb 24 19:19:31 TB5WaLI systemd[1]: Reached target time-set.target - System Time Set.
Feb 24 19:19:31 TB5WaLI systemd[1]: Reached target veritysetup.target - Local Verity Protected Volumes.
Feb 24 19:19:31 TB5WaLI systemd[1]: Listening on dm-event.socket - Device-mapper event daemon FIFOs.
Feb 24 19:19:31 TB5WaLI systemd[1]: Listening on lvm2-lvmpolld.socket - LVM2 poll daemon socket.
Feb 24 19:19:31 TB5WaLI systemd[1]: Listening on multipathd.socket - multipathd control socket.
Feb 24 19:19:31 TB5WaLI systemd[1]: Listening on syslog.socket - Syslog Socket.
Feb 24 19:19:31 TB5WaLI systemd[1]: Listening on systemd-fsckd.socket - fsck to fsckd communication Socket.
Feb 24 19:19:31 TB5WaLI systemd[1]: Listening on systemd-initctl.socket - initctl Compatibility Named Pipe.
Feb 24 19:19:31 TB5WaLI systemd[1]: Listening on systemd-journald-dev-log.socket - Journal Socket (/dev/log).
Feb 24 19:19:31 TB5WaLI systemd[1]: Listening on systemd-journald.socket - Journal Socket.
Feb 24 19:19:31 TB5WaLI systemd[1]: systemd-pcrextend.socket - TPM2 PCR Extension (Varlink) was skipped because of an unmet condition check (ConditionSecurity=measured-uki).
Feb 24 19:19:31 TB5WaLI systemd[1]: Listening on systemd-udevd-control.socket - udev Control Socket.
Feb 24 19:19:31 TB5WaLI systemd[1]: Listening on systemd-udevd-kernel.socket - udev Kernel Socket.
Feb 24 19:19:31 TB5WaLI systemd[1]: Mounting dev-hugepages.mount - Huge Pages File System...
Feb 24 19:19:31 TB5WaLI systemd[1]: Mounting dev-mqueue.mount - POSIX Message Queue File System...
Feb 24 19:19:31 TB5WaLI systemd[1]: Mounting sys-kernel-debug.mount - Kernel Debug File System...
Feb 24 19:19:31 TB5WaLI systemd[1]: Mounting sys-kernel-tracing.mount - Kernel Trace File System...
Feb 24 19:19:31 TB5WaLI systemd[1]: Starting systemd-journald.service - Journal Service...
Feb 24 19:19:31 TB5WaLI systemd[1]: Starting keyboard-setup.service - Set the console keyboard layout...
Feb 24 19:19:31 TB5WaLI systemd[1]: Starting kmod-static-nodes.service - Create List of Static Device Nodes...
Feb 24 19:19:31 TB5WaLI systemd[1]: Starting lvm2-monitor.service - Monitoring of LVM2 mirrors, snapshots etc. using dmeventd or progress polling...
Feb 24 19:19:31 TB5WaLI systemd[1]: Starting modprobe@configfs.service - Load Kernel Module configfs...
Feb 24 19:19:31 TB5WaLI systemd[1]: Starting modprobe@dm_mod.service - Load Kernel Module dm_mod...
Feb 24 19:19:31 TB5WaLI systemd[1]: Starting modprobe@drm.service - Load Kernel Module drm...
Feb 24 19:19:31 TB5WaLI systemd[1]: Starting modprobe@efi_pstore.service - Load Kernel Module efi_pstore...
Feb 24 19:19:31 TB5WaLI systemd[1]: Starting modprobe@fuse.service - Load Kernel Module fuse...
Feb 24 19:19:31 TB5WaLI systemd[1]: Starting modprobe@loop.service - Load Kernel Module loop...
Feb 24 19:19:31 TB5WaLI systemd[1]: systemd-fsck-root.service - File System Check on Root Device was skipped because of an unmet condition check (ConditionPathExists=!/run/initramfs/fsck-root).
Feb 24 19:19:31 TB5WaLI systemd[1]: Starting systemd-modules-load.service - Load Kernel Modules...
Feb 24 19:19:31 TB5WaLI systemd[1]: systemd-pcrmachine.service - TPM2 PCR Machine ID Measurement was skipped because of an unmet condition check (ConditionSecurity=measured-uki).
Feb 24 19:19:31 TB5WaLI systemd[1]: Starting systemd-remount-fs.service - Remount Root and Kernel File Systems...
Feb 24 19:19:31 TB5WaLI systemd[1]: systemd-tpm2-setup-early.service - TPM2 SRK Setup (Early) was skipped because of an unmet condition check (ConditionSecurity=measured-uki).
Feb 24 19:19:31 TB5WaLI systemd[1]: Starting systemd-udev-trigger.service - Coldplug All udev Devices...
Feb 24 19:19:31 TB5WaLI systemd-journald[323]: Collecting audit messages is disabled.
Feb 24 19:19:31 TB5WaLI systemd[1]: Mounted dev-hugepages.mount - Huge Pages File System.
Feb 24 19:19:31 TB5WaLI systemd[1]: Mounted dev-mqueue.mount - POSIX Message Queue File System.
Feb 24 19:19:31 TB5WaLI systemd[1]: Mounted sys-kernel-debug.mount - Kernel Debug File System.
Feb 24 19:19:31 TB5WaLI systemd[1]: Mounted sys-kernel-tracing.mount - Kernel Trace File System.
Feb 24 19:19:31 TB5WaLI systemd[1]: Finished kmod-static-nodes.service - Create List of Static Device Nodes.
Feb 24 19:19:31 TB5WaLI systemd[1]: modprobe@configfs.service: Deactivated successfully.
Feb 24 19:19:31 TB5WaLI systemd[1]: Finished modprobe@configfs.service - Load Kernel Module configfs.
Feb 24 19:19:31 TB5WaLI systemd[1]: modprobe@drm.service: Deactivated successfully.
Feb 24 19:19:31 TB5WaLI systemd[1]: Finished modprobe@drm.service - Load Kernel Module drm.
Feb 24 19:19:31 TB5WaLI systemd[1]: modprobe@efi_pstore.service: Deactivated successfully.
Feb 24 19:19:31 TB5WaLI kernel: fuse: init (API version 7.39)
Feb 24 19:19:31 TB5WaLI systemd[1]: Finished modprobe@efi_pstore.service - Load Kernel Module efi_pstore.
Feb 24 19:19:31 TB5WaLI systemd[1]: modprobe@fuse.service: Deactivated successfully.
Feb 24 19:19:31 TB5WaLI systemd[1]: Finished modprobe@fuse.service - Load Kernel Module fuse.
Feb 24 19:19:31 TB5WaLI systemd[1]: modprobe@loop.service: Deactivated successfully.
Feb 24 19:19:31 TB5WaLI systemd[1]: Finished modprobe@loop.service - Load Kernel Module loop.
Feb 24 19:19:31 TB5WaLI kernel: device-mapper: core: CONFIG_IMA_DISABLE_HTABLE is disabled. Duplicate IMA measurements will not be recorded in the IMA log.
Feb 24 19:19:31 TB5WaLI kernel: device-mapper: uevent: version 1.0.3
Feb 24 19:19:31 TB5WaLI kernel: device-mapper: ioctl: 4.48.0-ioctl (2023-03-01) initialised: dm-devel@redhat.com
Feb 24 19:19:31 TB5WaLI systemd[1]: Mounting sys-fs-fuse-connections.mount - FUSE Control File System...
Feb 24 19:19:31 TB5WaLI systemd[1]: Mounting sys-kernel-config.mount - Kernel Configuration File System...
Feb 24 19:19:31 TB5WaLI systemd[1]: Starting systemd-tmpfiles-setup-dev-early.service - Create Static Device Nodes in /dev gracefully...
Feb 24 19:19:31 TB5WaLI systemd[1]: modprobe@dm_mod.service: Deactivated successfully.
Feb 24 19:19:31 TB5WaLI systemd[1]: Finished modprobe@dm_mod.service - Load Kernel Module dm_mod.
Feb 24 19:19:31 TB5WaLI systemd[1]: Mounted sys-fs-fuse-connections.mount - FUSE Control File System.
Feb 24 19:19:31 TB5WaLI systemd[1]: systemd-repart.service - Repartition Root Disk was skipped because no trigger condition checks were met.
Feb 24 19:19:31 TB5WaLI systemd[1]: Mounted sys-kernel-config.mount - Kernel Configuration File System.
Feb 24 19:19:31 TB5WaLI kernel: EXT4-fs (mmcblk0p2): re-mounted 5c5a44bd-f1a2-4f16-a2e8-89a3f10f2eb5 r/w. Quota mode: none.
Feb 24 19:19:31 TB5WaLI systemd[1]: Finished systemd-remount-fs.service - Remount Root and Kernel File Systems.
Feb 24 19:19:31 TB5WaLI systemd[1]: Starting multipathd.service - Device-Mapper Multipath Device Controller...
Feb 24 19:19:31 TB5WaLI systemd-journald[323]: Journal started
Feb 24 19:19:31 TB5WaLI systemd-journald[323]: Runtime Journal (/run/log/journal/26e689314d9a410b956e0f4e47ba4d4e) is 8.0M, max 79.3M, 71.3M free.
Feb 24 19:19:31 TB5WaLI systemd[1]: systemd-hwdb-update.service - Rebuild Hardware Database was skipped because of an unmet condition check (ConditionNeedsUpdate=/etc).
Feb 24 19:19:31 TB5WaLI systemd[1]: systemd-pstore.service - Platform Persistent Storage Archival was skipped because of an unmet condition check (ConditionDirectoryNotEmpty=/sys/fs/pstore).
Feb 24 19:19:31 TB5WaLI systemd[1]: Starting systemd-random-seed.service - Load/Save OS Random Seed...
Feb 24 19:19:31 TB5WaLI systemd[1]: systemd-tpm2-setup.service - TPM2 SRK Setup was skipped because of an unmet condition check (ConditionSecurity=measured-uki).
Feb 24 19:19:31 TB5WaLI systemd[1]: Started systemd-journald.service - Journal Service.
Feb 24 19:19:31 TB5WaLI systemd[1]: Starting systemd-journal-flush.service - Flush Journal to Persistent Storage...
Feb 24 19:19:31 TB5WaLI systemd[1]: Finished keyboard-setup.service - Set the console keyboard layout.
Feb 24 19:19:31 TB5WaLI kernel: g_ether gadget.0: HOST MAC f6:c7:dd:fc:5e:50
Feb 24 19:19:31 TB5WaLI kernel: g_ether gadget.0: MAC 96:99:2f:6d:1d:f7
Feb 24 19:19:31 TB5WaLI kernel: g_ether gadget.0: Ethernet Gadget, version: Memorial Day 2008
Feb 24 19:19:31 TB5WaLI kernel: g_ether gadget.0: g_ether ready
Feb 24 19:19:31 TB5WaLI kernel: dwc2 1000480000.usb: bound driver g_ether
Feb 24 19:19:31 TB5WaLI systemd-modules-load[341]: Inserted module 'g_ether'
Feb 24 19:19:31 TB5WaLI systemd-journald[323]: Time spent on flushing to /var/log/journal/26e689314d9a410b956e0f4e47ba4d4e is 361.730ms for 513 entries.
Feb 24 19:19:31 TB5WaLI systemd-journald[323]: System Journal (/var/log/journal/26e689314d9a410b956e0f4e47ba4d4e) is 2.8G, max 2.8G, 52.0M free.
Feb 24 19:19:31 TB5WaLI systemd-journald[323]: Received client request to flush runtime journal.
Feb 24 19:19:31 TB5WaLI kernel: dwc2 1000480000.usb: new device is high-speed
Feb 24 19:19:31 TB5WaLI systemd-journald[323]: /var/log/journal/26e689314d9a410b956e0f4e47ba4d4e/system.journal: Journal file uses a different sequence number ID, rotating.
Feb 24 19:19:31 TB5WaLI systemd-journald[323]: Rotating system journal.
Feb 24 19:19:31 TB5WaLI kernel: loop0: detected capacity change from 0 to 69032
Feb 24 19:19:31 TB5WaLI kernel: loop1: detected capacity change from 0 to 79232
Feb 24 19:19:31 TB5WaLI kernel: dwc2 1000480000.usb: new device is high-speed
Feb 24 19:19:31 TB5WaLI kernel: dwc2 1000480000.usb: new device is high-speed
Feb 24 19:19:31 TB5WaLI multipathd[356]: multipathd v0.9.4: start up
Feb 24 19:19:31 TB5WaLI multipathd[356]: reconfigure: setting up paths and maps
Feb 24 19:19:31 TB5WaLI systemd[1]: Finished systemd-modules-load.service - Load Kernel Modules.
Feb 24 19:19:31 TB5WaLI systemd[1]: Starting systemd-sysctl.service - Apply Kernel Variables...
Feb 24 19:19:31 TB5WaLI systemd[1]: Finished systemd-random-seed.service - Load/Save OS Random Seed.
Feb 24 19:19:31 TB5WaLI systemd[1]: Finished systemd-tmpfiles-setup-dev-early.service - Create Static Device Nodes in /dev gracefully.
Feb 24 19:19:31 TB5WaLI systemd-sysctl[376]: Couldn't write '2' to 'net/ipv6/conf/all/use_tempaddr', ignoring: No such file or directory
Feb 24 19:19:31 TB5WaLI systemd-sysctl[376]: Couldn't write '2' to 'net/ipv6/conf/default/use_tempaddr', ignoring: No such file or directory
Feb 24 19:19:31 TB5WaLI systemd[1]: systemd-sysusers.service - Create System Users was skipped because no trigger condition checks were met.
Feb 24 19:19:31 TB5WaLI systemd[1]: Starting systemd-tmpfiles-setup-dev.service - Create Static Device Nodes in /dev...
Feb 24 19:19:31 TB5WaLI systemd[1]: Finished systemd-sysctl.service - Apply Kernel Variables.
Feb 24 19:19:31 TB5WaLI systemd[1]: Finished systemd-tmpfiles-setup-dev.service - Create Static Device Nodes in /dev.
Feb 24 19:19:31 TB5WaLI systemd[1]: Started multipathd.service - Device-Mapper Multipath Device Controller.
Feb 24 19:19:31 TB5WaLI systemd[1]: Finished lvm2-monitor.service - Monitoring of LVM2 mirrors, snapshots etc. using dmeventd or progress polling.
Feb 24 19:19:31 TB5WaLI systemd[1]: Reached target local-fs-pre.target - Preparation for Local File Systems.
Feb 24 19:19:31 TB5WaLI systemd[1]: Mounting snap-snapd-21761.mount - Mount unit for snapd, revision 21761...
Feb 24 19:19:31 TB5WaLI systemd[1]: Mounting snap-snapd-23546.mount - Mount unit for snapd, revision 23546...
Feb 24 19:19:31 TB5WaLI systemd[1]: Starting systemd-udevd.service - Rule-based Manager for Device Events and Files...
Feb 24 19:19:31 TB5WaLI systemd[1]: Finished systemd-udev-trigger.service - Coldplug All udev Devices.
Feb 24 19:19:31 TB5WaLI systemd[1]: Mounted snap-snapd-21761.mount - Mount unit for snapd, revision 21761.
Feb 24 19:19:31 TB5WaLI systemd[1]: Mounted snap-snapd-23546.mount - Mount unit for snapd, revision 23546.
Feb 24 19:19:31 TB5WaLI systemd[1]: Reached target snapd.mounts.target - Mounted snaps.
Feb 24 19:19:31 TB5WaLI systemd-udevd[395]: Using default interface naming scheme 'v255'.
Feb 24 19:19:31 TB5WaLI systemd[1]: Finished systemd-journal-flush.service - Flush Journal to Persistent Storage.
Feb 24 19:19:32 TB5WaLI kernel: dwc2 1000480000.usb: new address 2
Feb 24 19:19:32 TB5WaLI systemd[1]: Started systemd-udevd.service - Rule-based Manager for Device Events and Files.
Feb 24 19:19:32 TB5WaLI systemd[1]: Starting plymouth-start.service - Show Plymouth Boot Screen...
Feb 24 19:19:32 TB5WaLI systemd[1]: Reached target usb-gadget.target - Hardware activated USB gadget.
Feb 24 19:19:32 TB5WaLI systemd[1]: Started plymouth-start.service - Show Plymouth Boot Screen.
Feb 24 19:19:32 TB5WaLI systemd[1]: systemd-ask-password-console.path - Dispatch Password Requests to Console Directory Watch was skipped because of an unmet condition check (ConditionPathExists=!/run/plymouth/pid).
Feb 24 19:19:32 TB5WaLI systemd[1]: Started systemd-ask-password-plymouth.path - Forward Password Requests to Plymouth Directory Watch.
Feb 24 19:19:32 TB5WaLI systemd[1]: Reached target cryptsetup.target - Local Encrypted Volumes.
Feb 24 19:19:32 TB5WaLI systemd[1]: Found device dev-ttyAMA10.device - /dev/ttyAMA10.
Feb 24 19:19:32 TB5WaLI (udev-worker)[416]: eth0: Config file /usr/lib/systemd/network/10-raspi-eth0.link is applied to device based on potentially unpredictable interface name.
Feb 24 19:19:32 TB5WaLI (udev-worker)[412]: mmcblk0: Process '/usr/bin/unshare -m /usr/bin/snap auto-import --mount=/dev/mmcblk0' failed with exit code 1.
Feb 24 19:19:32 TB5WaLI (udev-worker)[417]: mmcblk0p2: Process '/usr/bin/unshare -m /usr/bin/snap auto-import --mount=/dev/mmcblk0p2' failed with exit code 1.
Feb 24 19:19:32 TB5WaLI (udev-worker)[412]: mmcblk0p1: Process '/usr/bin/unshare -m /usr/bin/snap auto-import --mount=/dev/mmcblk0p1' failed with exit code 1.
Feb 24 19:19:32 TB5WaLI systemd[1]: Found device dev-disk-by\x2dlabel-system\x2dboot.device - /dev/disk/by-label/system-boot.
Feb 24 19:19:32 TB5WaLI kernel: rpi-gpiomem 107d508500.gpiomem: window base 0x107d508500 size 0x00000040
Feb 24 19:19:32 TB5WaLI kernel: rpi-gpiomem 107d508500.gpiomem: initialised 1 regions as /dev/gpiomem1
Feb 24 19:19:32 TB5WaLI kernel: rpi-gpiomem 107d517c00.gpiomem: window base 0x107d517c00 size 0x00000040
Feb 24 19:19:32 TB5WaLI kernel: rpi-gpiomem 107d517c00.gpiomem: initialised 1 regions as /dev/gpiomem2
Feb 24 19:19:32 TB5WaLI kernel: rpi-gpiomem 107d504100.gpiomem: window base 0x107d504100 size 0x00000020
Feb 24 19:19:32 TB5WaLI kernel: rpi-gpiomem 107d504100.gpiomem: initialised 1 regions as /dev/gpiomem3
Feb 24 19:19:32 TB5WaLI kernel: rpi-gpiomem 107d510700.gpiomem: window base 0x107d510700 size 0x00000020
Feb 24 19:19:32 TB5WaLI kernel: rpi-gpiomem 107d510700.gpiomem: initialised 1 regions as /dev/gpiomem4
Feb 24 19:19:32 TB5WaLI kernel: rpi-gpiomem 1f000d0000.gpiomem: window base 0x1f000d0000 size 0x00030000
Feb 24 19:19:32 TB5WaLI kernel: rpi-gpiomem 1f000d0000.gpiomem: initialised 1 regions as /dev/gpiomem0
Feb 24 19:19:32 TB5WaLI systemd[1]: Starting systemd-fsck@dev-disk-by\x2dlabel-system\x2dboot.service - File System Check on /dev/disk/by-label/system-boot...
Feb 24 19:19:32 TB5WaLI systemd[1]: Started systemd-fsckd.service - File System Check Daemon to report status.
Feb 24 19:19:32 TB5WaLI kernel: usbcore: registered new interface driver usbserial_generic
Feb 24 19:19:32 TB5WaLI kernel: usbserial: USB Serial support registered for generic
Feb 24 19:19:32 TB5WaLI kernel: mc: Linux media interface: v0.10
Feb 24 19:19:32 TB5WaLI kernel: bcm2708_fb soc:fb: Unable to determine number of FBs. Disabling driver.
Feb 24 19:19:32 TB5WaLI kernel: bcm2708_fb: probe of soc:fb failed with error -2
Feb 24 19:19:32 TB5WaLI kernel: input: Logitech Gamepad F710 as /devices/platform/axi/1000120000.pcie/1f00200000.usb/xhci-hcd.0/usb1/1-2/1-2:1.0/input/input3
Feb 24 19:19:32 TB5WaLI kernel: usbcore: registered new interface driver cp210x
Feb 24 19:19:32 TB5WaLI kernel: usbserial: USB Serial support registered for cp210x
Feb 24 19:19:32 TB5WaLI kernel: cp210x 3-2:1.0: cp210x converter detected
Feb 24 19:19:32 TB5WaLI kernel: usbcore: registered new interface driver xpad
Feb 24 19:19:32 TB5WaLI kernel: videodev: Linux video capture interface: v2.00
Feb 24 19:19:32 TB5WaLI kernel: usb 3-2: cp210x converter now attached to ttyUSB0
Feb 24 19:19:32 TB5WaLI systemd[1]: Listening on systemd-rfkill.socket - Load/Save RF Kill Switch Status /dev/rfkill Watch.
Feb 24 19:19:32 TB5WaLI kernel: cfg80211: Loading compiled-in X.509 certificates for regulatory database
Feb 24 19:19:32 TB5WaLI kernel: Loaded X.509 cert 'benh@debian.org: 577e021cb980e0e820821ba7b54b4961b8b4fadf'
Feb 24 19:19:32 TB5WaLI kernel: Loaded X.509 cert 'romain.perier@gmail.com: 3abbc6ec146e09d1b6016ab9d6cf71dd233f0328'
Feb 24 19:19:32 TB5WaLI kernel: Loaded X.509 cert 'sforshee: 00b28ddf47aef9cea7'
Feb 24 19:19:32 TB5WaLI kernel: Loaded X.509 cert 'wens: 61c038651aabdcf94bd0ac7ff06c7248db18c600'
Feb 24 19:19:32 TB5WaLI kernel: Bluetooth: Core ver 2.22
Feb 24 19:19:32 TB5WaLI kernel: NET: Registered PF_BLUETOOTH protocol family
Feb 24 19:19:32 TB5WaLI kernel: Bluetooth: HCI device and connection manager initialized
Feb 24 19:19:32 TB5WaLI kernel: Bluetooth: HCI socket layer initialized
Feb 24 19:19:32 TB5WaLI kernel: Bluetooth: L2CAP socket layer initialized
Feb 24 19:19:32 TB5WaLI kernel: Bluetooth: SCO socket layer initialized
Feb 24 19:19:32 TB5WaLI kernel: pispbe 1000880000.pisp_be: bcm2712_iommu_of_xlate: MMU 1000005100.iommu
Feb 24 19:19:32 TB5WaLI kernel: pispbe 1000880000.pisp_be: bcm2712_iommu_probe_device: MMU 1000005100.iommu
Feb 24 19:19:32 TB5WaLI kernel: pispbe 1000880000.pisp_be: bcm2712_iommu_device_group: MMU 1000005100.iommu
Feb 24 19:19:32 TB5WaLI kernel: pispbe 1000880000.pisp_be: Adding to iommu group 0
Feb 24 19:19:32 TB5WaLI kernel: pispbe 1000880000.pisp_be: bcm2712_iommu_attach_dev: MMU 1000005100.iommu
Feb 24 19:19:32 TB5WaLI kernel: pispbe 1000880000.pisp_be: pispbe_probe: HW version:  0x02252700
Feb 24 19:19:32 TB5WaLI kernel: pispbe 1000880000.pisp_be: pispbe_probe: BatchStatus: 0x00000000
Feb 24 19:19:32 TB5WaLI kernel: pispbe 1000880000.pisp_be: pispbe_probe: Status:      0x00000000
Feb 24 19:19:32 TB5WaLI kernel: pispbe 1000880000.pisp_be: Register nodes for group 0
Feb 24 19:19:32 TB5WaLI kernel: pispbe 1000880000.pisp_be: input device node registered as /dev/video20
Feb 24 19:19:32 TB5WaLI kernel: pispbe 1000880000.pisp_be: tdn_input device node registered as /dev/video21
Feb 24 19:19:32 TB5WaLI kernel: pispbe 1000880000.pisp_be: stitch_input device node registered as /dev/video22
Feb 24 19:19:32 TB5WaLI kernel: pispbe 1000880000.pisp_be: hog_output device node registered as /dev/video23
Feb 24 19:19:32 TB5WaLI kernel: pispbe 1000880000.pisp_be: output0 device node registered as /dev/video24
Feb 24 19:19:32 TB5WaLI kernel: pispbe 1000880000.pisp_be: output1 device node registered as /dev/video25
Feb 24 19:19:32 TB5WaLI kernel: pispbe 1000880000.pisp_be: tdn_output device node registered as /dev/video26
Feb 24 19:19:32 TB5WaLI kernel: pispbe 1000880000.pisp_be: stitch_output device node registered as /dev/video27
Feb 24 19:19:32 TB5WaLI kernel: pispbe 1000880000.pisp_be: config device node registered as /dev/video28
Feb 24 19:19:32 TB5WaLI kernel: pispbe 1000880000.pisp_be: Register nodes for group 1
Feb 24 19:19:32 TB5WaLI kernel: pispbe 1000880000.pisp_be: input device node registered as /dev/video29
Feb 24 19:19:32 TB5WaLI kernel: pispbe 1000880000.pisp_be: tdn_input device node registered as /dev/video30
Feb 24 19:19:32 TB5WaLI kernel: pispbe 1000880000.pisp_be: stitch_input device node registered as /dev/video31
Feb 24 19:19:32 TB5WaLI kernel: pispbe 1000880000.pisp_be: hog_output device node registered as /dev/video32
Feb 24 19:19:32 TB5WaLI kernel: pispbe 1000880000.pisp_be: output0 device node registered as /dev/video33
Feb 24 19:19:32 TB5WaLI kernel: pispbe 1000880000.pisp_be: output1 device node registered as /dev/video34
Feb 24 19:19:32 TB5WaLI kernel: pispbe 1000880000.pisp_be: tdn_output device node registered as /dev/video35
Feb 24 19:19:32 TB5WaLI kernel: pispbe 1000880000.pisp_be: stitch_output device node registered as /dev/video36
Feb 24 19:19:32 TB5WaLI kernel: pispbe 1000880000.pisp_be: config device node registered as /dev/video37
Feb 24 19:19:32 TB5WaLI kernel: rpivid_hevc: module is from the staging directory, the quality is unknown, you have been warned.
Feb 24 19:19:32 TB5WaLI kernel: rpivid_hevc: module verification failed: signature and/or required key missing - tainting kernel
Feb 24 19:19:32 TB5WaLI kernel: rpivid 1000800000.codec: bcm2712_iommu_of_xlate: MMU 1000005100.iommu
Feb 24 19:19:32 TB5WaLI kernel: rpivid 1000800000.codec: bcm2712_iommu_probe_device: MMU 1000005100.iommu
Feb 24 19:19:32 TB5WaLI kernel: rpivid 1000800000.codec: bcm2712_iommu_device_group: MMU 1000005100.iommu
Feb 24 19:19:32 TB5WaLI kernel: rpivid 1000800000.codec: Adding to iommu group 0
Feb 24 19:19:32 TB5WaLI kernel: rpivid 1000800000.codec: bcm2712_iommu_attach_dev: MMU 1000005100.iommu
Feb 24 19:19:32 TB5WaLI kernel: rpivid 1000800000.codec: Device registered as /dev/video19
Feb 24 19:19:32 TB5WaLI kernel: brcmfmac: F1 signature read @0x18000000=0x15264345
Feb 24 19:19:32 TB5WaLI kernel: brcmfmac: brcmf_fw_alloc_request: using brcm/brcmfmac43455-sdio for chip BCM4345/6
Feb 24 19:19:32 TB5WaLI kernel: usbcore: registered new interface driver brcmfmac
Feb 24 19:19:32 TB5WaLI kernel: Bluetooth: HCI UART driver ver 2.3
Feb 24 19:19:32 TB5WaLI kernel: Bluetooth: HCI UART protocol H4 registered
Feb 24 19:19:32 TB5WaLI kernel: Bluetooth: HCI UART protocol BCSP registered
Feb 24 19:19:32 TB5WaLI kernel: Bluetooth: HCI UART protocol LL registered
Feb 24 19:19:32 TB5WaLI kernel: Bluetooth: HCI UART protocol ATH3K registered
Feb 24 19:19:32 TB5WaLI kernel: Bluetooth: HCI UART protocol Three-wire (H5) registered
Feb 24 19:19:32 TB5WaLI kernel: Bluetooth: HCI UART protocol Intel registered
Feb 24 19:19:32 TB5WaLI kernel: Bluetooth: HCI UART protocol Broadcom registered
Feb 24 19:19:32 TB5WaLI kernel: Bluetooth: HCI UART protocol QCA registered
Feb 24 19:19:32 TB5WaLI kernel: Bluetooth: HCI UART protocol AG6XX registered
Feb 24 19:19:32 TB5WaLI kernel: Bluetooth: HCI UART protocol Marvell registered
Feb 24 19:19:32 TB5WaLI kernel: hci_uart_bcm serial0-0: supply vbat not found, using dummy regulator
Feb 24 19:19:32 TB5WaLI kernel: hci_uart_bcm serial0-0: supply vddio not found, using dummy regulator
Feb 24 19:19:32 TB5WaLI (udev-worker)[424]: js0: Process '/usr/bin/jscal-restore /dev/input/js0' failed with exit code 1.
Feb 24 19:19:32 TB5WaLI systemd-fsck[475]: fsck.fat 4.2 (2021-01-31)
Feb 24 19:19:32 TB5WaLI systemd-fsck[475]: /dev/mmcblk0p1: 834 files, 372655/1032408 clusters
Feb 24 19:19:32 TB5WaLI systemd[1]: Finished systemd-fsck@dev-disk-by\x2dlabel-system\x2dboot.service - File System Check on /dev/disk/by-label/system-boot.
Feb 24 19:19:32 TB5WaLI systemd[1]: Mounting boot-firmware.mount - /boot/firmware...
Feb 24 19:19:32 TB5WaLI kernel: usb 1-1: Warning! Unlikely big volume range (=4096), cval->res is probably wrong.
Feb 24 19:19:32 TB5WaLI kernel: usb 1-1: [2] FU [PCM Playback Volume] ch = 2, val = 0/4096/1
Feb 24 19:19:32 TB5WaLI systemd[1]: Starting systemd-rfkill.service - Load/Save RF Kill Switch Status...
Feb 24 19:19:32 TB5WaLI systemd[1]: Reached target bluetooth.target - Bluetooth Support.
Feb 24 19:19:32 TB5WaLI kernel: brcmfmac: brcmf_c_process_txcap_blob: no txcap_blob available (err=-2)
Feb 24 19:19:32 TB5WaLI kernel: brcmfmac: brcmf_c_preinit_dcmds: Firmware: BCM4345/6 wl0: Apr 15 2021 03:03:20 version 7.45.234 (4ca95bb CY) FWID 01-996384e2
Feb 24 19:19:32 TB5WaLI systemd[1]: Started systemd-rfkill.service - Load/Save RF Kill Switch Status.
Feb 24 19:19:32 TB5WaLI kernel: usb 1-1: Warning! Unlikely big volume range (=4096), cval->res is probably wrong.
Feb 24 19:19:32 TB5WaLI kernel: usb 1-1: [5] FU [Mic Capture Volume] ch = 2, val = 0/4096/1
Feb 24 19:19:32 TB5WaLI kernel: usbcore: registered new interface driver snd-usb-audio
Feb 24 19:19:32 TB5WaLI systemd[1]: Mounted boot-firmware.mount - /boot/firmware.
Feb 24 19:19:32 TB5WaLI systemd[1]: Reached target local-fs.target - Local File Systems.
Feb 24 19:19:32 TB5WaLI systemd[1]: Listening on systemd-sysext.socket - System Extension Image Management (Varlink).
Feb 24 19:19:32 TB5WaLI systemd[1]: Starting apparmor.service - Load AppArmor profiles...
Feb 24 19:19:32 TB5WaLI systemd[1]: Starting console-setup.service - Set console font and keymap...
Feb 24 19:19:32 TB5WaLI systemd[1]: Starting finalrd.service - Create final runtime dir for shutdown pivot root...
Feb 24 19:19:32 TB5WaLI systemd[1]: ldconfig.service - Rebuild Dynamic Linker Cache was skipped because no trigger condition checks were met.
Feb 24 19:19:32 TB5WaLI systemd[1]: Starting plymouth-read-write.service - Tell Plymouth To Write Out Runtime Data...
Feb 24 19:19:32 TB5WaLI systemd[1]: Starting systemd-binfmt.service - Set Up Additional Binary Formats...
Feb 24 19:19:32 TB5WaLI systemd[1]: Starting systemd-tmpfiles-setup.service - Create Volatile Files and Directories...
Feb 24 19:19:32 TB5WaLI systemd[1]: Starting ufw.service - Uncomplicated firewall...
Feb 24 19:19:32 TB5WaLI systemd[1]: Finished console-setup.service - Set console font and keymap.
Feb 24 19:19:32 TB5WaLI systemd[1]: Finished finalrd.service - Create final runtime dir for shutdown pivot root.
Feb 24 19:19:32 TB5WaLI apparmor.systemd[524]: Restarting AppArmor
Feb 24 19:19:32 TB5WaLI systemd[1]: Finished plymouth-read-write.service - Tell Plymouth To Write Out Runtime Data.
Feb 24 19:19:32 TB5WaLI systemd[1]: Received SIGRTMIN+20 from PID 199 (plymouthd).
Feb 24 19:19:32 TB5WaLI systemd[1]: proc-sys-fs-binfmt_misc.automount: Got automount request for /proc/sys/fs/binfmt_misc, triggered by 529 (systemd-binfmt)
Feb 24 19:19:32 TB5WaLI systemd[1]: Mounting proc-sys-fs-binfmt_misc.mount - Arbitrary Executable File Formats File System...
Feb 24 19:19:32 TB5WaLI apparmor.systemd[524]: Reloading AppArmor profiles
Feb 24 19:19:32 TB5WaLI systemd[1]: Finished ufw.service - Uncomplicated firewall.
Feb 24 19:19:32 TB5WaLI kernel: Bluetooth: hci0: BCM: chip id 107
Feb 24 19:19:32 TB5WaLI kernel: Bluetooth: hci0: BCM: features 0x2f
Feb 24 19:19:32 TB5WaLI kernel: Bluetooth: hci0: BCM4345C0
Feb 24 19:19:32 TB5WaLI kernel: Bluetooth: hci0: BCM4345C0 (003.001.025) build 0000
Feb 24 19:19:32 TB5WaLI systemd[1]: Mounted proc-sys-fs-binfmt_misc.mount - Arbitrary Executable File Formats File System.
Feb 24 19:19:32 TB5WaLI systemd[1]: Finished systemd-binfmt.service - Set Up Additional Binary Formats.
Feb 24 19:19:33 TB5WaLI kernel: Bluetooth: hci0: BCM4345C0 'brcm/BCM4345C0.raspberrypi,5-model-b.hcd' Patch
Feb 24 19:19:33 TB5WaLI systemd[1]: systemd-ask-password-console.path - Dispatch Password Requests to Console Directory Watch was skipped because of an unmet condition check (ConditionPathExists=!/run/plymouth/pid).
Feb 24 19:19:33 TB5WaLI systemd[1]: ldconfig.service - Rebuild Dynamic Linker Cache was skipped because no trigger condition checks were met.
Feb 24 19:19:33 TB5WaLI kernel: audit: type=1400 audit(1740442773.055:2): apparmor="STATUS" operation="profile_load" profile="unconfined" name="Discord" pid=551 comm="apparmor_parser"
Feb 24 19:19:33 TB5WaLI kernel: audit: type=1400 audit(1740442773.055:3): apparmor="STATUS" operation="profile_load" profile="unconfined" name=4D6F6E676F444220436F6D70617373 pid=552 comm="apparmor_parser"
Feb 24 19:19:33 TB5WaLI kernel: audit: type=1400 audit(1740442773.056:4): apparmor="STATUS" operation="profile_load" profile="unconfined" name="QtWebEngineProcess" pid=553 comm="apparmor_parser"
Feb 24 19:19:33 TB5WaLI kernel: audit: type=1400 audit(1740442773.056:5): apparmor="STATUS" operation="profile_load" profile="unconfined" name="1password" pid=550 comm="apparmor_parser"
Feb 24 19:19:33 TB5WaLI systemd[1]: Starting modprobe@dm_mod.service - Load Kernel Module dm_mod...
Feb 24 19:19:33 TB5WaLI systemd[1]: Starting modprobe@efi_pstore.service - Load Kernel Module efi_pstore...
Feb 24 19:19:33 TB5WaLI kernel: audit: type=1400 audit(1740442773.060:6): apparmor="STATUS" operation="profile_load" profile="unconfined" name="balena-etcher" pid=555 comm="apparmor_parser"
Feb 24 19:19:33 TB5WaLI systemd[1]: Starting modprobe@loop.service - Load Kernel Module loop...
Feb 24 19:19:33 TB5WaLI systemd[1]: systemd-hwdb-update.service - Rebuild Hardware Database was skipped because of an unmet condition check (ConditionNeedsUpdate=/etc).
Feb 24 19:19:33 TB5WaLI systemd[1]: systemd-pcrmachine.service - TPM2 PCR Machine ID Measurement was skipped because of an unmet condition check (ConditionSecurity=measured-uki).
Feb 24 19:19:33 TB5WaLI systemd[1]: systemd-sysusers.service - Create System Users was skipped because no trigger condition checks were met.
Feb 24 19:19:33 TB5WaLI systemd[1]: systemd-tpm2-setup-early.service - TPM2 SRK Setup (Early) was skipped because of an unmet condition check (ConditionSecurity=measured-uki).
Feb 24 19:19:33 TB5WaLI systemd[1]: systemd-tpm2-setup.service - TPM2 SRK Setup was skipped because of an unmet condition check (ConditionSecurity=measured-uki).
Feb 24 19:19:33 TB5WaLI kernel: audit: type=1400 audit(1740442773.062:7): apparmor="STATUS" operation="profile_load" profile="unconfined" name="brave" pid=556 comm="apparmor_parser"
Feb 24 19:19:33 TB5WaLI kernel: audit: type=1400 audit(1740442773.063:8): apparmor="STATUS" operation="profile_load" profile="unconfined" name="buildah" pid=557 comm="apparmor_parser"
Feb 24 19:19:33 TB5WaLI kernel: audit: type=1400 audit(1740442773.063:9): apparmor="STATUS" operation="profile_load" profile="unconfined" name="busybox" pid=558 comm="apparmor_parser"
Feb 24 19:19:33 TB5WaLI systemd[1]: modprobe@dm_mod.service: Deactivated successfully.
Feb 24 19:19:33 TB5WaLI systemd[1]: Finished modprobe@dm_mod.service - Load Kernel Module dm_mod.
Feb 24 19:19:33 TB5WaLI kernel: audit: type=1400 audit(1740442773.071:10): apparmor="STATUS" operation="profile_load" profile="unconfined" name="ch-checkns" pid=562 comm="apparmor_parser"
Feb 24 19:19:33 TB5WaLI kernel: audit: type=1400 audit(1740442773.072:11): apparmor="STATUS" operation="profile_load" profile="unconfined" name="cam" pid=561 comm="apparmor_parser"
Feb 24 19:19:33 TB5WaLI systemd[1]: Finished systemd-tmpfiles-setup.service - Create Volatile Files and Directories.
Feb 24 19:19:33 TB5WaLI systemd[1]: systemd-firstboot.service - First Boot Wizard was skipped because of an unmet condition check (ConditionFirstBoot=yes).
Feb 24 19:19:33 TB5WaLI systemd[1]: first-boot-complete.target - First Boot Complete was skipped because of an unmet condition check (ConditionFirstBoot=yes).
Feb 24 19:19:33 TB5WaLI systemd[1]: systemd-journal-catalog-update.service - Rebuild Journal Catalog was skipped because of an unmet condition check (ConditionNeedsUpdate=/var).
Feb 24 19:19:33 TB5WaLI systemd[1]: systemd-machine-id-commit.service - Commit a transient machine-id on disk was skipped because of an unmet condition check (ConditionPathIsMountPoint=/etc/machine-id).
Feb 24 19:19:33 TB5WaLI systemd[1]: Starting systemd-resolved.service - Network Name Resolution...
Feb 24 19:19:33 TB5WaLI systemd[1]: systemd-update-done.service - Update is Completed was skipped because no trigger condition checks were met.
Feb 24 19:19:33 TB5WaLI systemd[1]: Starting systemd-update-utmp.service - Record System Boot/Shutdown in UTMP...
Feb 24 19:19:33 TB5WaLI systemd[1]: modprobe@efi_pstore.service: Deactivated successfully.
Feb 24 19:19:33 TB5WaLI systemd[1]: Finished modprobe@efi_pstore.service - Load Kernel Module efi_pstore.
Feb 24 19:19:33 TB5WaLI systemd[1]: modprobe@loop.service: Deactivated successfully.
Feb 24 19:19:33 TB5WaLI systemd[1]: Finished modprobe@loop.service - Load Kernel Module loop.
Feb 24 19:19:33 TB5WaLI systemd[1]: systemd-pstore.service - Platform Persistent Storage Archival was skipped because of an unmet condition check (ConditionDirectoryNotEmpty=/sys/fs/pstore).
Feb 24 19:19:33 TB5WaLI systemd[1]: systemd-repart.service - Repartition Root Disk was skipped because no trigger condition checks were met.
Feb 24 19:19:33 TB5WaLI systemd[1]: Finished systemd-update-utmp.service - Record System Boot/Shutdown in UTMP.
Feb 24 19:19:33 TB5WaLI systemd-resolved[571]: Positive Trust Anchors:
Feb 24 19:19:33 TB5WaLI systemd-resolved[571]: . IN DS 20326 8 2 e06d44b80b8f1d39a95c0b0d7c65d08458e880409bbc683457104237c7f8ec8d
Feb 24 19:19:33 TB5WaLI systemd-resolved[571]: Negative trust anchors: home.arpa 10.in-addr.arpa 16.172.in-addr.arpa 17.172.in-addr.arpa 18.172.in-addr.arpa 19.172.in-addr.arpa 20.172.in-addr.arpa 21.172.in-addr.arpa 22.172.in-addr.arpa 23.172.in-addr.arpa 24.172.in-addr.arpa 25.172.in-addr.arpa 26.172.in-addr.arpa 27.172.in-addr.arpa 28.172.in-addr.arpa 29.172.in-addr.arpa 30.172.in-addr.arpa 31.172.in-addr.arpa 170.0.0.192.in-addr.arpa 171.0.0.192.in-addr.arpa 168.192.in-addr.arpa d.f.ip6.arpa ipv4only.arpa corp home internal intranet lan local private test
Feb 24 19:19:33 TB5WaLI systemd[1]: Finished apparmor.service - Load AppArmor profiles.
Feb 24 19:19:33 TB5WaLI systemd[1]: Starting snapd.apparmor.service - Load AppArmor profiles managed internally by snapd...
Feb 24 19:19:33 TB5WaLI systemd[1]: vgauth.service - Authentication service for virtual machines hosted on VMware was skipped because of an unmet condition check (ConditionVirtualization=vmware).
Feb 24 19:19:33 TB5WaLI systemd[1]: open-vm-tools.service - Service for virtual machines hosted on VMware was skipped because of an unmet condition check (ConditionVirtualization=vmware).
Feb 24 19:19:33 TB5WaLI systemd[1]: Starting cloud-init-local.service - Cloud-init: Local Stage (pre-network)...
Feb 24 19:19:33 TB5WaLI systemd-resolved[571]: Using system hostname 'TB5WaLI'.
Feb 24 19:19:33 TB5WaLI systemd[1]: Started systemd-resolved.service - Network Name Resolution.
Feb 24 19:19:33 TB5WaLI systemd[1]: Reached target nss-lookup.target - Host and Network Name Lookups.
Feb 24 19:19:33 TB5WaLI snapd-apparmor[667]: main.go:146: Loading profiles [/var/lib/snapd/apparmor/profiles/snap-confine.snapd.21761 /var/lib/snapd/apparmor/profiles/snap-confine.snapd.23546]
Feb 24 19:19:33 TB5WaLI systemd[1]: Finished snapd.apparmor.service - Load AppArmor profiles managed internally by snapd.
Feb 24 19:19:33 TB5WaLI kernel: Bluetooth: hci0: BCM: features 0x2f
Feb 24 19:19:33 TB5WaLI kernel: Bluetooth: hci0: BCM43455 37.4MHz Raspberry Pi 3+-0190
Feb 24 19:19:33 TB5WaLI kernel: Bluetooth: hci0: BCM4345C0 (003.001.025) build 0382
Feb 24 19:19:33 TB5WaLI kernel: Bluetooth: hci0: BCM: Using default device address (43:45:c0:00:1f:ac)
Feb 24 19:19:34 TB5WaLI cloud-init[688]: Cloud-init v. 24.4-0ubuntu1~24.04.2 running 'init-local' at Tue, 25 Feb 2025 00:19:34 +0000. Up 6.59 seconds.
Feb 24 19:19:34 TB5WaLI systemd[1]: Finished cloud-init-local.service - Cloud-init: Local Stage (pre-network).
Feb 24 19:19:34 TB5WaLI systemd[1]: Reached target network-pre.target - Preparation for Network.
Feb 24 19:19:34 TB5WaLI systemd[1]: Starting cloud-init.service - Cloud-init: Network Stage...
Feb 24 19:19:35 TB5WaLI cloud-init[724]: Cloud-init v. 24.4-0ubuntu1~24.04.2 running 'init' at Tue, 25 Feb 2025 00:19:35 +0000. Up 7.39 seconds.
Feb 24 19:19:35 TB5WaLI cloud-init[724]: ci-info: +++++++++++++++++++++++++++Net device info++++++++++++++++++++++++++++
Feb 24 19:19:35 TB5WaLI cloud-init[724]: ci-info: +--------+-------+-----------+-----------+-------+-------------------+
Feb 24 19:19:35 TB5WaLI cloud-init[724]: ci-info: | Device |   Up  |  Address  |    Mask   | Scope |     Hw-Address    |
Feb 24 19:19:35 TB5WaLI cloud-init[724]: ci-info: +--------+-------+-----------+-----------+-------+-------------------+
Feb 24 19:19:35 TB5WaLI cloud-init[724]: ci-info: |  eth0  | False |     .     |     .     |   .   | d8:3a:dd:b6:36:a1 |
Feb 24 19:19:35 TB5WaLI cloud-init[724]: ci-info: |   lo   |  True | 127.0.0.1 | 255.0.0.0 |  host |         .         |
Feb 24 19:19:35 TB5WaLI cloud-init[724]: ci-info: |  usb0  | False |     .     |     .     |   .   | 82:be:5a:cf:ed:1f |
Feb 24 19:19:35 TB5WaLI cloud-init[724]: ci-info: | wlan0  | False |     .     |     .     |   .   | d8:3a:dd:b6:36:a2 |
Feb 24 19:19:35 TB5WaLI cloud-init[724]: ci-info: +--------+-------+-----------+-----------+-------+-------------------+
Feb 24 19:19:35 TB5WaLI cloud-init[724]: ci-info:
Feb 24 19:19:35 TB5WaLI systemd[1]: Finished cloud-init.service - Cloud-init: Network Stage.
Feb 24 19:19:35 TB5WaLI systemd[1]: Reached target cloud-config.target - Cloud-config availability.
Feb 24 19:19:35 TB5WaLI systemd[1]: Reached target sysinit.target - System Initialization.
Feb 24 19:19:35 TB5WaLI systemd[1]: apport-autoreport.path - Process error reports when automatic reporting is enabled (file watch) was skipped because of an unmet condition check (ConditionPathExists=/var/lib/apport/autoreport).
Feb 24 19:19:35 TB5WaLI systemd[1]: apport-autoreport.timer - Process error reports when automatic reporting is enabled (timer based) was skipped because of an unmet condition check (ConditionPathExists=/var/lib/apport/autoreport).
Feb 24 19:19:35 TB5WaLI systemd[1]: Started systemd-tmpfiles-clean.timer - Daily Cleanup of Temporary Directories.
Feb 24 19:19:35 TB5WaLI systemd[1]: ua-timer.timer - Ubuntu Pro Timer for running repeated jobs was skipped because of an unmet condition check (ConditionPathExists=/var/lib/ubuntu-advantage/private/machine-token.json).
Feb 24 19:19:35 TB5WaLI systemd[1]: Reached target paths.target - Path Units.
Feb 24 19:19:35 TB5WaLI systemd[1]: apport-forward.socket - Unix socket for apport crash forwarding was skipped because of an unmet condition check (ConditionVirtualization=container).
Feb 24 19:19:35 TB5WaLI systemd[1]: Listening on avahi-daemon.socket - Avahi mDNS/DNS-SD Stack Activation Socket.
Feb 24 19:19:35 TB5WaLI systemd[1]: Listening on cloud-init-hotplugd.socket - cloud-init hotplug hook socket.
Feb 24 19:19:35 TB5WaLI systemd[1]: Listening on dbus.socket - D-Bus System Message Bus Socket.
Feb 24 19:19:35 TB5WaLI systemd[1]: Listening on iscsid.socket - Open-iSCSI iscsid Socket.
Feb 24 19:19:35 TB5WaLI systemd[1]: Starting lxd-installer.socket - Helper to install lxd snap on demand...
Feb 24 19:19:35 TB5WaLI systemd[1]: Starting snapd.socket - Socket activation for snappy daemon...
Feb 24 19:19:35 TB5WaLI systemd[1]: Listening on ssh.socket - OpenBSD Secure Shell server socket.
Feb 24 19:19:35 TB5WaLI systemd[1]: Listening on uuidd.socket - UUID daemon activation socket.
Feb 24 19:19:35 TB5WaLI systemd[1]: systemd-pcrphase-sysinit.service - TPM2 PCR Barrier (Initialization) was skipped because of an unmet condition check (ConditionSecurity=measured-uki).
Feb 24 19:19:35 TB5WaLI systemd[1]: Listening on lxd-installer.socket - Helper to install lxd snap on demand.
Feb 24 19:19:35 TB5WaLI systemd[1]: Listening on snapd.socket - Socket activation for snappy daemon.
Feb 24 19:19:35 TB5WaLI systemd[1]: Reached target sockets.target - Socket Units.
Feb 24 19:19:35 TB5WaLI systemd[1]: Reached target basic.target - Basic System.
Feb 24 19:19:35 TB5WaLI systemd[1]: alsa-state.service - Manage Sound Card State (restore and store) was skipped because of an unmet condition check (ConditionPathExists=/etc/alsa/state-daemon.conf).
Feb 24 19:19:35 TB5WaLI systemd[1]: Starting alsa-restore.service - Save/Restore Sound Card State...
Feb 24 19:19:35 TB5WaLI systemd[1]: Starting avahi-daemon.service - Avahi mDNS/DNS-SD Stack...
Feb 24 19:19:35 TB5WaLI systemd[1]: Starting dbus.service - D-Bus System Message Bus...
Feb 24 19:19:35 TB5WaLI systemd[1]: Started dmesg.service - Save initial kernel messages after boot.
Feb 24 19:19:35 TB5WaLI systemd[1]: Starting e2scrub_reap.service - Remove Stale Online ext4 Metadata Check Snapshots...
Feb 24 19:19:35 TB5WaLI systemd[1]: getty-static.service - getty on tty2-tty6 if dbus and logind are not available was skipped because of an unmet condition check (ConditionPathExists=!/usr/bin/dbus-daemon).
Feb 24 19:19:35 TB5WaLI systemd[1]: Started lttng-sessiond.service - LTTng session daemon.
Feb 24 19:19:35 TB5WaLI (sessiond)[737]: lttng-sessiond.service: Referenced but unset environment variable evaluates to an empty string: DAEMON_ARGS
Feb 24 19:19:35 TB5WaLI avahi-daemon[733]: Found user 'avahi' (UID 108) and group 'avahi' (GID 110).
Feb 24 19:19:35 TB5WaLI dbus-daemon[734]: dbus[734]: Unknown username "whoopsie" in message bus configuration file
Feb 24 19:19:35 TB5WaLI systemd[1]: Starting networkd-dispatcher.service - Dispatcher daemon for systemd-networkd...
Feb 24 19:19:35 TB5WaLI systemd[1]: Starting polkit.service - Authorization Manager...
Feb 24 19:19:35 TB5WaLI systemd[1]: Starting rpi-eeprom-update.service - Check for Raspberry Pi EEPROM updates...
Feb 24 19:19:35 TB5WaLI systemd[1]: Starting rsyslog.service - System Logging Service...
Feb 24 19:19:35 TB5WaLI systemd[1]: secureboot-db.service - Secure Boot updates for DB and DBX was skipped because of an unmet condition check (ConditionPathExists=/sys/firmware/efi/efivars/db-d719b2cb-3d3a-4596-a3bc-dad00e67656f).
Feb 24 19:19:35 TB5WaLI systemd[1]: snapd.core-fixup.service - Automatically repair incorrect owner/permissions on core devices was skipped because no trigger condition checks were met.
Feb 24 19:19:35 TB5WaLI systemd[1]: snapd.recovery-chooser-trigger.service - Wait for the Ubuntu Core chooser trigger was skipped because of an unmet condition check (ConditionKernelCommandLine=snapd_recovery_mode).
Feb 24 19:19:35 TB5WaLI systemd[1]: Reached target getty-pre.target - Preparation for Logins.
Feb 24 19:19:35 TB5WaLI systemd[1]: Starting snapd.seeded.service - Wait until snapd is fully seeded...
Feb 24 19:19:35 TB5WaLI systemd[1]: Starting snapd.service - Snap Daemon...
Feb 24 19:19:35 TB5WaLI systemd[1]: Starting sysstat.service - Resets System Activity Logs...
Feb 24 19:19:35 TB5WaLI systemd[1]: Starting systemd-logind.service - User Login Management...
Feb 24 19:19:35 TB5WaLI systemd[1]: ua-reboot-cmds.service - Ubuntu Pro reboot cmds was skipped because of an unmet condition check (ConditionPathExists=/var/lib/ubuntu-advantage/private/machine-token.json).
Feb 24 19:19:35 TB5WaLI systemd[1]: Starting udisks2.service - Disk Manager...
Feb 24 19:19:35 TB5WaLI avahi-daemon[733]: Successfully dropped root privileges.
Feb 24 19:19:35 TB5WaLI avahi-daemon[733]: avahi-daemon 0.8 starting up.
Feb 24 19:19:35 TB5WaLI systemd[1]: Finished alsa-restore.service - Save/Restore Sound Card State.
Feb 24 19:19:35 TB5WaLI systemd[1]: Reached target sound.target - Sound Card.
Feb 24 19:19:35 TB5WaLI systemd-logind[747]: Watching system buttons on /dev/input/event0 (pwr_button)
Feb 24 19:19:35 TB5WaLI systemd-logind[747]: New seat seat0.
Feb 24 19:19:35 TB5WaLI systemd[1]: Started systemd-logind.service - User Login Management.
Feb 24 19:19:35 TB5WaLI systemd[1]: Finished sysstat.service - Resets System Activity Logs.
Feb 24 19:19:35 TB5WaLI polkitd[739]: Started polkitd version 124
Feb 24 19:19:35 TB5WaLI udisksd[748]: udisks daemon version 2.10.1 starting
Feb 24 19:19:35 TB5WaLI lttng-sessiond[737]: Error: Unable to load required module lttng-ring-buffer-client-discard
Feb 24 19:19:35 TB5WaLI lttng-sessiond[737]: Warning: No kernel tracer available
Feb 24 19:19:35 TB5WaLI dbus-daemon[734]: [system] AppArmor D-Bus mediation is enabled
Feb 24 19:19:35 TB5WaLI systemd[1]: Started dbus.service - D-Bus System Message Bus.
Feb 24 19:19:35 TB5WaLI avahi-daemon[733]: Successfully called chroot().
Feb 24 19:19:35 TB5WaLI avahi-daemon[733]: Successfully dropped remaining capabilities.
Feb 24 19:19:35 TB5WaLI dbus-daemon[734]: [system] Successfully activated service 'org.freedesktop.systemd1'
Feb 24 19:19:35 TB5WaLI avahi-daemon[733]: No service file found in /etc/avahi/services.
Feb 24 19:19:35 TB5WaLI systemd[1]: Starting NetworkManager.service - Network Manager...
Feb 24 19:19:35 TB5WaLI systemd[1]: Starting wpa_supplicant.service - WPA supplicant...
Feb 24 19:19:35 TB5WaLI systemd[1]: Started avahi-daemon.service - Avahi mDNS/DNS-SD Stack.
Feb 24 19:19:35 TB5WaLI avahi-daemon[733]: socket() failed: Address family not supported by protocol
Feb 24 19:19:35 TB5WaLI avahi-daemon[733]: Failed to create IPv6 socket, proceeding in IPv4 only mode
Feb 24 19:19:35 TB5WaLI avahi-daemon[733]: socket() failed: Address family not supported by protocol
Feb 24 19:19:35 TB5WaLI avahi-daemon[733]: Joining mDNS multicast group on interface lo.IPv4 with address 127.0.0.1.
Feb 24 19:19:35 TB5WaLI avahi-daemon[733]: New relevant interface lo.IPv4 for mDNS.
Feb 24 19:19:35 TB5WaLI avahi-daemon[733]: Network interface enumeration completed.
Feb 24 19:19:35 TB5WaLI avahi-daemon[733]: Registering new address record for 127.0.0.1 on lo.IPv4.
Feb 24 19:19:35 TB5WaLI polkitd[739]: Loading rules from directory /etc/polkit-1/rules.d
Feb 24 19:19:35 TB5WaLI polkitd[739]: Loading rules from directory /usr/share/polkit-1/rules.d
Feb 24 19:19:35 TB5WaLI rsyslogd[761]: imuxsock: Acquired UNIX socket '/run/systemd/journal/syslog' (fd 3) from systemd.  [v8.2312.0]
Feb 24 19:19:35 TB5WaLI rsyslogd[761]: rsyslogd's groupid changed to 104
Feb 24 19:19:35 TB5WaLI systemd[1]: Started rsyslog.service - System Logging Service.
Feb 24 19:19:35 TB5WaLI rsyslogd[761]: rsyslogd's userid changed to 103
Feb 24 19:19:35 TB5WaLI rsyslogd[761]: [origin software="rsyslogd" swVersion="8.2312.0" x-pid="761" x-info="https://www.rsyslog.com"] start
Feb 24 19:19:35 TB5WaLI polkitd[739]: Finished loading, compiling and executing 8 rules
Feb 24 19:19:35 TB5WaLI systemd[1]: Started polkit.service - Authorization Manager.
Feb 24 19:19:35 TB5WaLI polkitd[739]: Acquired the name org.freedesktop.PolicyKit1 on the system bus
Feb 24 19:19:35 TB5WaLI systemd[1]: Starting ModemManager.service - Modem Manager...
Feb 24 19:19:36 TB5WaLI systemd[1]: Started wpa_supplicant.service - WPA supplicant.
Feb 24 19:19:36 TB5WaLI wpa_supplicant[815]: Successfully initialized wpa_supplicant
Feb 24 19:19:36 TB5WaLI networkd-dispatcher[738]: No valid path found for iw
Feb 24 19:19:36 TB5WaLI ModemManager[842]: <msg> ModemManager (version 1.23.4) starting in system bus...
Feb 24 19:19:36 TB5WaLI networkctl[844]: systemd-networkd is not running, output might be incomplete.
Feb 24 19:19:36 TB5WaLI systemd[1]: networkd-dispatcher.service: Got notification message from PID 844, but reception only permitted for main PID 738
Feb 24 19:19:36 TB5WaLI networkd-dispatcher[738]: ERROR:Unknown state for interface NetworkctlListState(idx=1, name='lo', type='loopback', operational='-', administrative='unmanaged'): -
Feb 24 19:19:36 TB5WaLI networkd-dispatcher[738]: Traceback (most recent call last):
Feb 24 19:19:36 TB5WaLI networkd-dispatcher[738]:   File "/usr/bin/networkd-dispatcher", line 299, in trigger_all
Feb 24 19:19:36 TB5WaLI networkd-dispatcher[738]:     self.handle_state(iface_name,
Feb 24 19:19:36 TB5WaLI networkd-dispatcher[738]:   File "/usr/bin/networkd-dispatcher", line 349, in handle_state
Feb 24 19:19:36 TB5WaLI networkd-dispatcher[738]:     raise UnknownState(operational_state)
Feb 24 19:19:36 TB5WaLI networkd-dispatcher[738]: UnknownState: -
Feb 24 19:19:36 TB5WaLI networkd-dispatcher[738]: ERROR:Unknown state for interface NetworkctlListState(idx=2, name='eth0', type='ether', operational='-', administrative='unmanaged'): -
Feb 24 19:19:36 TB5WaLI networkd-dispatcher[738]: Traceback (most recent call last):
Feb 24 19:19:36 TB5WaLI networkd-dispatcher[738]:   File "/usr/bin/networkd-dispatcher", line 299, in trigger_all
Feb 24 19:19:36 TB5WaLI networkd-dispatcher[738]:     self.handle_state(iface_name,
Feb 24 19:19:36 TB5WaLI networkd-dispatcher[738]:   File "/usr/bin/networkd-dispatcher", line 349, in handle_state
Feb 24 19:19:36 TB5WaLI networkd-dispatcher[738]:     raise UnknownState(operational_state)
Feb 24 19:19:36 TB5WaLI networkd-dispatcher[738]: UnknownState: -
Feb 24 19:19:36 TB5WaLI networkd-dispatcher[738]: ERROR:Unknown state for interface NetworkctlListState(idx=3, name='usb0', type='gadget', operational='-', administrative='unmanaged'): -
Feb 24 19:19:36 TB5WaLI networkd-dispatcher[738]: Traceback (most recent call last):
Feb 24 19:19:36 TB5WaLI networkd-dispatcher[738]:   File "/usr/bin/networkd-dispatcher", line 299, in trigger_all
Feb 24 19:19:36 TB5WaLI networkd-dispatcher[738]:     self.handle_state(iface_name,
Feb 24 19:19:36 TB5WaLI networkd-dispatcher[738]:   File "/usr/bin/networkd-dispatcher", line 349, in handle_state
Feb 24 19:19:36 TB5WaLI networkd-dispatcher[738]:     raise UnknownState(operational_state)
Feb 24 19:19:36 TB5WaLI networkd-dispatcher[738]: UnknownState: -
Feb 24 19:19:36 TB5WaLI networkd-dispatcher[738]: ERROR:Unknown state for interface NetworkctlListState(idx=4, name='wlan0', type='wlan', operational='-', administrative='unmanaged'): -
Feb 24 19:19:36 TB5WaLI networkd-dispatcher[738]: Traceback (most recent call last):
Feb 24 19:19:36 TB5WaLI networkd-dispatcher[738]:   File "/usr/bin/networkd-dispatcher", line 299, in trigger_all
Feb 24 19:19:36 TB5WaLI networkd-dispatcher[738]:     self.handle_state(iface_name,
Feb 24 19:19:36 TB5WaLI networkd-dispatcher[738]:   File "/usr/bin/networkd-dispatcher", line 349, in handle_state
Feb 24 19:19:36 TB5WaLI networkd-dispatcher[738]:     raise UnknownState(operational_state)
Feb 24 19:19:36 TB5WaLI networkd-dispatcher[738]: UnknownState: -
Feb 24 19:19:36 TB5WaLI systemd[1]: Started networkd-dispatcher.service - Dispatcher daemon for systemd-networkd.
Feb 24 19:19:36 TB5WaLI systemd[1]: Started udisks2.service - Disk Manager.
Feb 24 19:19:36 TB5WaLI udisksd[748]: Acquired the name org.freedesktop.UDisks2 on the system message bus
Feb 24 19:19:36 TB5WaLI NetworkManager[813]: <info>  [1740442776.4256] NetworkManager (version 1.46.0) is starting... (boot:6338de5b-0a18-48b9-891b-38e8876a2b9a)
Feb 24 19:19:36 TB5WaLI NetworkManager[813]: <info>  [1740442776.4258] Read config: /etc/NetworkManager/NetworkManager.conf (lib: 10-dns-resolved.conf, no-mac-addr-change.conf) (run: 10-globally-managed-devices.conf) (etc: default-wifi-powersave-on.conf)
Feb 24 19:19:36 TB5WaLI NetworkManager[813]: <info>  [1740442776.4722] manager[0xaaaada92e7c0]: monitoring kernel firmware directory '/lib/firmware'.
Feb 24 19:19:36 TB5WaLI NetworkManager[813]: <info>  [1740442776.4723] monitoring ifupdown state file '/run/network/ifstate'.
Feb 24 19:19:36 TB5WaLI dbus-daemon[734]: [system] Activating via systemd: service name='org.freedesktop.hostname1' unit='dbus-org.freedesktop.hostname1.service' requested by ':1.10' (uid=0 pid=813 comm="/usr/sbin/NetworkManager --no-daemon" label="unconfined")
Feb 24 19:19:36 TB5WaLI systemd[1]: Starting systemd-hostnamed.service - Hostname Service...
Feb 24 19:19:36 TB5WaLI dbus-daemon[734]: [system] Successfully activated service 'org.freedesktop.hostname1'
Feb 24 19:19:36 TB5WaLI systemd[1]: Started systemd-hostnamed.service - Hostname Service.
Feb 24 19:19:36 TB5WaLI NetworkManager[813]: <info>  [1740442776.5430] hostname: hostname: using hostnamed
Feb 24 19:19:36 TB5WaLI NetworkManager[813]: <info>  [1740442776.5431] hostname: static hostname changed from (none) to "TB5WaLI"
Feb 24 19:19:36 TB5WaLI NetworkManager[813]: <info>  [1740442776.5475] dns-mgr: init: dns=systemd-resolved rc-manager=unmanaged (auto), plugin=systemd-resolved
Feb 24 19:19:36 TB5WaLI NetworkManager[813]: <info>  [1740442776.5560] rfkill1: found Wi-Fi radio killswitch (at /sys/devices/platform/axi/1001100000.mmc/mmc_host/mmc1/mmc1:0001/mmc1:0001:1/ieee80211/phy0/rfkill1) (driver brcmfmac)
Feb 24 19:19:36 TB5WaLI NetworkManager[813]: <info>  [1740442776.5565] manager[0xaaaada92e7c0]: rfkill: Wi-Fi hardware radio set enabled
Feb 24 19:19:36 TB5WaLI NetworkManager[813]: <info>  [1740442776.5565] manager[0xaaaada92e7c0]: rfkill: WWAN hardware radio set enabled
Feb 24 19:19:36 TB5WaLI NetworkManager[813]: <info>  [1740442776.5949] Loaded device plugin: NMWwanFactory (/usr/lib/aarch64-linux-gnu/NetworkManager/1.46.0/libnm-device-plugin-wwan.so)
Feb 24 19:19:36 TB5WaLI NetworkManager[813]: <info>  [1740442776.6191] Loaded device plugin: NMBluezManager (/usr/lib/aarch64-linux-gnu/NetworkManager/1.46.0/libnm-device-plugin-bluetooth.so)
Feb 24 19:19:36 TB5WaLI NetworkManager[813]: <info>  [1740442776.6414] Loaded device plugin: NMTeamFactory (/usr/lib/aarch64-linux-gnu/NetworkManager/1.46.0/libnm-device-plugin-team.so)
Feb 24 19:19:36 TB5WaLI NetworkManager[813]: <info>  [1740442776.6584] Loaded device plugin: NMWifiFactory (/usr/lib/aarch64-linux-gnu/NetworkManager/1.46.0/libnm-device-plugin-wifi.so)
Feb 24 19:19:36 TB5WaLI NetworkManager[813]: <info>  [1740442776.6660] Loaded device plugin: NMAtmManager (/usr/lib/aarch64-linux-gnu/NetworkManager/1.46.0/libnm-device-plugin-adsl.so)
Feb 24 19:19:36 TB5WaLI NetworkManager[813]: <info>  [1740442776.6664] manager: rfkill: Wi-Fi enabled by radio killswitch; enabled by state file
Feb 24 19:19:36 TB5WaLI NetworkManager[813]: <info>  [1740442776.6665] manager: rfkill: WWAN enabled by radio killswitch; enabled by state file
Feb 24 19:19:36 TB5WaLI NetworkManager[813]: <info>  [1740442776.6666] manager: Networking is enabled by state file
Feb 24 19:19:36 TB5WaLI dbus-daemon[734]: [system] Activating via systemd: service name='org.freedesktop.nm_dispatcher' unit='dbus-org.freedesktop.nm-dispatcher.service' requested by ':1.10' (uid=0 pid=813 comm="/usr/sbin/NetworkManager --no-daemon" label="unconfined")
Feb 24 19:19:36 TB5WaLI systemd[1]: Starting NetworkManager-dispatcher.service - Network Manager Script Dispatcher Service...
Feb 24 19:19:36 TB5WaLI systemd[1]: Cannot find unit for notify message of PID 858, ignoring.
Feb 24 19:19:36 TB5WaLI NetworkManager[813]: <info>  [1740442776.6947] settings: Loaded settings plugin: ifupdown ("/usr/lib/aarch64-linux-gnu/NetworkManager/1.46.0/libnm-settings-plugin-ifupdown.so")
Feb 24 19:19:36 TB5WaLI NetworkManager[813]: <info>  [1740442776.6947] settings: Loaded settings plugin: keyfile (internal)
Feb 24 19:19:36 TB5WaLI NetworkManager[813]: <info>  [1740442776.6947] ifupdown: management mode: unmanaged
Feb 24 19:19:36 TB5WaLI NetworkManager[813]: <info>  [1740442776.6957] ifupdown: interfaces file /etc/network/interfaces doesn't exist
Feb 24 19:19:36 TB5WaLI rpi-eeprom-update[740]: BOOTLOADER: up to date
Feb 24 19:19:36 TB5WaLI rpi-eeprom-update[740]:    CURRENT: Wed Jun  5 15:41:49 UTC 2024 (1717602109)
Feb 24 19:19:36 TB5WaLI rpi-eeprom-update[740]:     LATEST: Wed Dec  6 18:29:25 UTC 2023 (1701887365)
Feb 24 19:19:36 TB5WaLI rpi-eeprom-update[740]:    RELEASE: default (/lib/firmware/raspberrypi/bootloader-2712/default)
Feb 24 19:19:36 TB5WaLI rpi-eeprom-update[740]:             Use raspi-config to change the release.
Feb 24 19:19:36 TB5WaLI systemd[1]: Finished rpi-eeprom-update.service - Check for Raspberry Pi EEPROM updates.
Feb 24 19:19:36 TB5WaLI dbus-daemon[734]: [system] Successfully activated service 'org.freedesktop.nm_dispatcher'
Feb 24 19:19:36 TB5WaLI systemd[1]: Started NetworkManager-dispatcher.service - Network Manager Script Dispatcher Service.
Feb 24 19:19:36 TB5WaLI kernel: NET: Registered PF_QIPCRTR protocol family
Feb 24 19:19:36 TB5WaLI systemd[1]: Started ModemManager.service - Modem Manager.
Feb 24 19:19:36 TB5WaLI avahi-daemon[733]: Server startup complete. Host name is TB5WaLI.local. Local service cookie is 2473778498.
Feb 24 19:19:36 TB5WaLI systemd[1]: e2scrub_reap.service: Deactivated successfully.
Feb 24 19:19:36 TB5WaLI systemd[1]: Finished e2scrub_reap.service - Remove Stale Online ext4 Metadata Check Snapshots.
Feb 24 19:19:36 TB5WaLI generate[880]: Permissions for /etc/netplan/40-ethernets.yaml are too open. Netplan configuration should NOT be accessible by others.
Feb 24 19:19:36 TB5WaLI generate[880]: Permissions for /etc/netplan/50-wifis.yaml are too open. Netplan configuration should NOT be accessible by others.
Feb 24 19:19:37 TB5WaLI systemd[1]: Reloading requested from client PID 883 ('systemctl') (unit NetworkManager.service)...
Feb 24 19:19:37 TB5WaLI systemd[1]: Reloading...
Feb 24 19:19:37 TB5WaLI systemd[1]: Reloading finished in 448 ms.
Feb 24 19:19:37 TB5WaLI NetworkManager[813]: <info>  [1740442777.5678] dhcp: init: Using DHCP client 'internal'
Feb 24 19:19:37 TB5WaLI NetworkManager[813]: <info>  [1740442777.5680] manager: (lo): new Loopback device (/org/freedesktop/NetworkManager/Devices/1)
Feb 24 19:19:37 TB5WaLI NetworkManager[813]: <info>  [1740442777.5691] device (lo): state change: unmanaged -> unavailable (reason 'connection-assumed', sys-iface-state: 'external')
Feb 24 19:19:37 TB5WaLI NetworkManager[813]: <info>  [1740442777.5694] device (lo): state change: unavailable -> disconnected (reason 'connection-assumed', sys-iface-state: 'external')
Feb 24 19:19:37 TB5WaLI NetworkManager[813]: <info>  [1740442777.5700] device (lo): Activation: starting connection 'lo' (178e0e9a-fc29-4fbb-aa90-59596b5c456d)
Feb 24 19:19:37 TB5WaLI NetworkManager[813]: <info>  [1740442777.5744] manager: (eth0): new Ethernet device (/org/freedesktop/NetworkManager/Devices/2)
Feb 24 19:19:37 TB5WaLI NetworkManager[813]: <info>  [1740442777.5746] device (eth0): state change: unmanaged -> unavailable (reason 'managed', sys-iface-state: 'external')
Feb 24 19:19:37 TB5WaLI kernel: macb 1f00100000.ethernet eth0: PHY [1f00100000.ethernet-ffffffff:01] driver [Broadcom BCM54213PE] (irq=POLL)
Feb 24 19:19:37 TB5WaLI kernel: macb 1f00100000.ethernet eth0: configuring for phy/rgmii-id link mode
Feb 24 19:19:37 TB5WaLI kernel: pps pps0: new PPS source ptp0
Feb 24 19:19:37 TB5WaLI kernel: macb 1f00100000.ethernet: gem-ptp-timer ptp clock registered.
Feb 24 19:19:37 TB5WaLI NetworkManager[813]: <info>  [1740442777.5861] manager: (usb0): new Ethernet device (/org/freedesktop/NetworkManager/Devices/3)
Feb 24 19:19:37 TB5WaLI NetworkManager[813]: <info>  [1740442777.5872] device (usb0): state change: unmanaged -> unavailable (reason 'managed', sys-iface-state: 'external')
Feb 24 19:19:37 TB5WaLI NetworkManager[813]: <info>  [1740442777.5918] device (wlan0): driver supports Access Point (AP) mode
Feb 24 19:19:37 TB5WaLI NetworkManager[813]: <info>  [1740442777.5924] manager: (wlan0): new 802.11 Wi-Fi device (/org/freedesktop/NetworkManager/Devices/4)
Feb 24 19:19:37 TB5WaLI NetworkManager[813]: <info>  [1740442777.5927] device (wlan0): state change: unmanaged -> unavailable (reason 'managed', sys-iface-state: 'external')
Feb 24 19:19:37 TB5WaLI kernel: brcmfmac: brcmf_cfg80211_set_power_mgmt: power save enabled
Feb 24 19:19:37 TB5WaLI NetworkManager[813]: <info>  [1740442777.6313] failed to open /run/network/ifstate
Feb 24 19:19:37 TB5WaLI systemd[1]: Started NetworkManager.service - Network Manager.
Feb 24 19:19:37 TB5WaLI NetworkManager[813]: <info>  [1740442777.6324] bus-manager: acquired D-Bus service "org.freedesktop.NetworkManager"
Feb 24 19:19:37 TB5WaLI systemd[1]: Reached target network.target - Network.
Feb 24 19:19:37 TB5WaLI NetworkManager[813]: <info>  [1740442777.6342] device (lo): state change: disconnected -> prepare (reason 'none', sys-iface-state: 'external')
Feb 24 19:19:37 TB5WaLI NetworkManager[813]: <info>  [1740442777.6345] device (lo): state change: prepare -> config (reason 'none', sys-iface-state: 'external')
Feb 24 19:19:37 TB5WaLI NetworkManager[813]: <info>  [1740442777.6347] device (lo): state change: config -> ip-config (reason 'none', sys-iface-state: 'external')
Feb 24 19:19:37 TB5WaLI NetworkManager[813]: <info>  [1740442777.6351] device (lo): state change: ip-config -> ip-check (reason 'none', sys-iface-state: 'external')
Feb 24 19:19:37 TB5WaLI NetworkManager[813]: <info>  [1740442777.6390] modem-manager: ModemManager available
Feb 24 19:19:37 TB5WaLI systemd[1]: Starting NetworkManager-wait-online.service - Network Manager Wait Online...
Feb 24 19:19:37 TB5WaLI NetworkManager[813]: <info>  [1740442777.6397] device (lo): state change: ip-check -> secondaries (reason 'none', sys-iface-state: 'external')
Feb 24 19:19:37 TB5WaLI NetworkManager[813]: <info>  [1740442777.6399] device (lo): state change: secondaries -> activated (reason 'none', sys-iface-state: 'external')
Feb 24 19:19:37 TB5WaLI NetworkManager[813]: <info>  [1740442777.6405] device (lo): Activation: successful, device activated.
Feb 24 19:19:37 TB5WaLI systemd[1]: Starting chrony.service - chrony, an NTP client/server...
Feb 24 19:19:37 TB5WaLI systemd[1]: Started unattended-upgrades.service - Unattended Upgrades Shutdown.
Feb 24 19:19:37 TB5WaLI systemd[1]: Started webserver.service - Create 3 Webserver forwarding service.
Feb 24 19:19:37 TB5WaLI socat[962]: 2025/02/24 19:19:37 socat[962] E socket(10, 1, 6): Address family not supported by protocol
Feb 24 19:19:37 TB5WaLI systemd[1]: webserver.service: Main process exited, code=exited, status=1/FAILURE
Feb 24 19:19:37 TB5WaLI systemd[1]: webserver.service: Failed with result 'exit-code'.
Feb 24 19:19:37 TB5WaLI chronyd[977]: chronyd version 4.5 starting (+CMDMON +NTP +REFCLOCK +RTC +PRIVDROP +SCFILTER +SIGND +ASYNCDNS +NTS +SECHASH +IPV6 -DEBUG)
Feb 24 19:19:37 TB5WaLI chronyd[977]: Loaded 0 symmetric keys
Feb 24 19:19:37 TB5WaLI chronyd[977]: Could not open command socket on [::1]:323
Feb 24 19:19:37 TB5WaLI chronyd[977]: Frequency -0.017 +/- 1.496 ppm read from /var/lib/chrony/chrony.drift
Feb 24 19:19:37 TB5WaLI chronyd[977]: Loaded seccomp filter (level 1)
Feb 24 19:19:37 TB5WaLI systemd[1]: Started chrony.service - chrony, an NTP client/server.
Feb 24 19:19:37 TB5WaLI systemd[1]: Reached target time-sync.target - System Time Synchronized.
Feb 24 19:19:37 TB5WaLI systemd[1]: Started apt-daily.timer - Daily apt download activities.
Feb 24 19:19:37 TB5WaLI systemd[1]: Started apt-daily-upgrade.timer - Daily apt upgrade and clean activities.
Feb 24 19:19:37 TB5WaLI systemd[1]: Started dpkg-db-backup.timer - Daily dpkg database backup timer.
